Archive member included to satisfy reference by file (symbol)

/home/long/Downloads/SimplicityStudio_v5/developer/toolchains/gnu_arm/12.2.rel1_2023.7/bin/../lib/gcc/arm-none-eabi/12.2.1/thumb/v7e-m+fp/softfp/libgcc.a(_aeabi_ldivmod.o)
                              ./gecko_sdk_4.4.1/platform/emlib/src/em_usart.o (__aeabi_ldivmod)
/home/long/Downloads/SimplicityStudio_v5/developer/toolchains/gnu_arm/12.2.rel1_2023.7/bin/../lib/gcc/arm-none-eabi/12.2.1/thumb/v7e-m+fp/softfp/libgcc.a(_aeabi_uldivmod.o)
                              ./gecko_sdk_4.4.1/platform/emlib/src/em_usart.o (__aeabi_uldivmod)
/home/long/Downloads/SimplicityStudio_v5/developer/toolchains/gnu_arm/12.2.rel1_2023.7/bin/../lib/gcc/arm-none-eabi/12.2.1/thumb/v7e-m+fp/softfp/libgcc.a(_udivmoddi4.o)
                              /home/long/Downloads/SimplicityStudio_v5/developer/toolchains/gnu_arm/12.2.rel1_2023.7/bin/../lib/gcc/arm-none-eabi/12.2.1/thumb/v7e-m+fp/softfp/libgcc.a(_aeabi_ldivmod.o) (__udivmoddi4)
/home/long/Downloads/SimplicityStudio_v5/developer/toolchains/gnu_arm/12.2.rel1_2023.7/bin/../lib/gcc/arm-none-eabi/12.2.1/thumb/v7e-m+fp/softfp/libgcc.a(_dvmd_tls.o)
                              /home/long/Downloads/SimplicityStudio_v5/developer/toolchains/gnu_arm/12.2.rel1_2023.7/bin/../lib/gcc/arm-none-eabi/12.2.1/thumb/v7e-m+fp/softfp/libgcc.a(_aeabi_ldivmod.o) (__aeabi_ldiv0)
/home/long/Downloads/SimplicityStudio_v5/developer/toolchains/gnu_arm/12.2.rel1_2023.7/bin/../lib/gcc/arm-none-eabi/12.2.1/../../../../arm-none-eabi/lib/thumb/v7e-m+fp/softfp/libc_nano.a(libc_a-exit.o)
                              /home/long/Downloads/SimplicityStudio_v5/developer/toolchains/gnu_arm/12.2.rel1_2023.7/bin/../lib/gcc/arm-none-eabi/12.2.1/../../../../arm-none-eabi/lib/thumb/v7e-m+fp/softfp/crt0.o (exit)
/home/long/Downloads/SimplicityStudio_v5/developer/toolchains/gnu_arm/12.2.rel1_2023.7/bin/../lib/gcc/arm-none-eabi/12.2.1/../../../../arm-none-eabi/lib/thumb/v7e-m+fp/softfp/libc_nano.a(libc_a-init.o)
                              /home/long/Downloads/SimplicityStudio_v5/developer/toolchains/gnu_arm/12.2.rel1_2023.7/bin/../lib/gcc/arm-none-eabi/12.2.1/../../../../arm-none-eabi/lib/thumb/v7e-m+fp/softfp/crt0.o (__libc_init_array)
/home/long/Downloads/SimplicityStudio_v5/developer/toolchains/gnu_arm/12.2.rel1_2023.7/bin/../lib/gcc/arm-none-eabi/12.2.1/../../../../arm-none-eabi/lib/thumb/v7e-m+fp/softfp/libc_nano.a(libc_a-memcpy-stub.o)
                              ./gecko_sdk_4.4.1/platform/Device/SiliconLabs/EFR32ZG14P/Source/startup_efr32zg14p.o (memcpy)
/home/long/Downloads/SimplicityStudio_v5/developer/toolchains/gnu_arm/12.2.rel1_2023.7/bin/../lib/gcc/arm-none-eabi/12.2.1/../../../../arm-none-eabi/lib/thumb/v7e-m+fp/softfp/libc_nano.a(libc_a-malloc.o)
                              ./gecko_sdk_4.4.1/util/silicon_labs/silabs_core/memory_manager/sl_malloc.o (malloc)
/home/long/Downloads/SimplicityStudio_v5/developer/toolchains/gnu_arm/12.2.rel1_2023.7/bin/../lib/gcc/arm-none-eabi/12.2.1/../../../../arm-none-eabi/lib/thumb/v7e-m+fp/softfp/libc_nano.a(libc_a-mallocr.o)
                              /home/long/Downloads/SimplicityStudio_v5/developer/toolchains/gnu_arm/12.2.rel1_2023.7/bin/../lib/gcc/arm-none-eabi/12.2.1/../../../../arm-none-eabi/lib/thumb/v7e-m+fp/softfp/libc_nano.a(libc_a-malloc.o) (_malloc_r)
/home/long/Downloads/SimplicityStudio_v5/developer/toolchains/gnu_arm/12.2.rel1_2023.7/bin/../lib/gcc/arm-none-eabi/12.2.1/../../../../arm-none-eabi/lib/thumb/v7e-m+fp/softfp/libc_nano.a(libc_a-findfp.o)
                              /home/long/Downloads/SimplicityStudio_v5/developer/toolchains/gnu_arm/12.2.rel1_2023.7/bin/../lib/gcc/arm-none-eabi/12.2.1/../../../../arm-none-eabi/lib/thumb/v7e-m+fp/softfp/libc_nano.a(libc_a-exit.o) (__stdio_exit_handler)
/home/long/Downloads/SimplicityStudio_v5/developer/toolchains/gnu_arm/12.2.rel1_2023.7/bin/../lib/gcc/arm-none-eabi/12.2.1/../../../../arm-none-eabi/lib/thumb/v7e-m+fp/softfp/libc_nano.a(libc_a-stdio.o)
                              /home/long/Downloads/SimplicityStudio_v5/developer/toolchains/gnu_arm/12.2.rel1_2023.7/bin/../lib/gcc/arm-none-eabi/12.2.1/../../../../arm-none-eabi/lib/thumb/v7e-m+fp/softfp/libc_nano.a(libc_a-findfp.o) (__sread)
/home/long/Downloads/SimplicityStudio_v5/developer/toolchains/gnu_arm/12.2.rel1_2023.7/bin/../lib/gcc/arm-none-eabi/12.2.1/../../../../arm-none-eabi/lib/thumb/v7e-m+fp/softfp/libc_nano.a(libc_a-mlock.o)
                              /home/long/Downloads/SimplicityStudio_v5/developer/toolchains/gnu_arm/12.2.rel1_2023.7/bin/../lib/gcc/arm-none-eabi/12.2.1/../../../../arm-none-eabi/lib/thumb/v7e-m+fp/softfp/libc_nano.a(libc_a-mallocr.o) (__malloc_lock)
/home/long/Downloads/SimplicityStudio_v5/developer/toolchains/gnu_arm/12.2.rel1_2023.7/bin/../lib/gcc/arm-none-eabi/12.2.1/../../../../arm-none-eabi/lib/thumb/v7e-m+fp/softfp/libc_nano.a(libc_a-calloc.o)
[...]
Memory Configuration

Name             Origin             Length             Attributes
FLASH            0x000000000fe10800 0x0000000000004000 xr
RAM              0x0000000020000004 0x0000000000007ffc xrw
BOOTLOADER_RESET_REGION 0x0000000020000000 0x0000000000000004 xrw
*default*        0x0000000000000000 0xffffffffffffffff

Linker script and memory map

LOAD /home/long/Downloads/SimplicityStudio_v5/developer/toolchains/gnu_arm/12.2.rel1_2023.7/bin/../lib/gcc/arm-none-eabi/12.2.1/thumb/v7e-m+fp/softfp/crti.o
LOAD /home/long/Downloads/SimplicityStudio_v5/developer/toolchains/gnu_arm/12.2.rel1_2023.7/bin/../lib/gcc/arm-none-eabi/12.2.1/thumb/v7e-m+fp/softfp/crtbegin.o
LOAD /home/long/Downloads/SimplicityStudio_v5/developer/toolchains/gnu_arm/12.2.rel1_2023.7/bin/../lib/gcc/arm-none-eabi/12.2.1/../../../../arm-none-eabi/lib/thumb/v7e-m+fp/softfp/crt0.o
START GROUP
LOAD ./gecko_sdk_4.4.1/platform/Device/SiliconLabs/EFR32ZG14P/Source/startup_efr32zg14p.o
LOAD ./gecko_sdk_4.4.1/platform/Device/SiliconLabs/EFR32ZG14P/Source/system_efr32zg14p.o
LOAD ./gecko_sdk_4.4.1/platform/bootloader/app_version/btl_parser_app_version_check.o
LOAD ./gecko_sdk_4.4.1/platform/bootloader/communication/xmodem-parser/btl_xmodem.o
LOAD ./gecko_sdk_4.4.1/platform/bootloader/communication/xmodem-uart/btl_comm_xmodem.o
LOAD ./gecko_sdk_4.4.1/platform/bootloader/communication/xmodem-uart/btl_comm_xmodem_common.o
LOAD ./gecko_sdk_4.4.1/platform/bootloader/core/btl_bootload.o
LOAD ./gecko_sdk_4.4.1/platform/bootloader/core/btl_core.o
LOAD ./gecko_sdk_4.4.1/platform/bootloader/core/btl_main.o
LOAD ./gecko_sdk_4.4.1/platform/bootloader/core/btl_parse.o
LOAD ./gecko_sdk_4.4.1/platform/bootloader/core/btl_reset.o
LOAD ./gecko_sdk_4.4.1/platform/bootloader/core/flash/btl_internal_flash.o
LOAD ./gecko_sdk_4.4.1/platform/bootloader/debug/btl_debug.o
LOAD ./gecko_sdk_4.4.1/platform/bootloader/debug/btl_debug_swo.o
LOAD ./gecko_sdk_4.4.1/platform/bootloader/driver/btl_driver_delay.o
LOAD ./gecko_sdk_4.4.1/platform/bootloader/driver/btl_driver_uart.o
LOAD ./gecko_sdk_4.4.1/platform/bootloader/driver/btl_driver_util.o
LOAD ./gecko_sdk_4.4.1/platform/bootloader/parser/compression/btl_decompress_lz4.o
LOAD ./gecko_sdk_4.4.1/platform/bootloader/parser/gbl/btl_gbl_custom_tags.o
LOAD ./gecko_sdk_4.4.1/platform/bootloader/parser/gbl/btl_gbl_format.o
LOAD ./gecko_sdk_4.4.1/platform/bootloader/parser/gbl/btl_gbl_parser.o
LOAD ./gecko_sdk_4.4.1/platform/bootloader/security/btl_crc16.o
LOAD ./gecko_sdk_4.4.1/platform/bootloader/security/btl_crc32.o
LOAD ./gecko_sdk_4.4.1/platform/bootloader/security/btl_security_aes.o
LOAD ./gecko_sdk_4.4.1/platform/bootloader/security/btl_security_ecdsa.o
LOAD ./gecko_sdk_4.4.1/platform/bootloader/security/btl_security_sha256.o
LOAD ./gecko_sdk_4.4.1/platform/bootloader/security/btl_security_tokens.o
LOAD ./gecko_sdk_4.4.1/platform/bootloader/security/ecc/ecc.o
LOAD ./gecko_sdk_4.4.1/platform/bootloader/security/sha/btl_sha256.o
LOAD ./gecko_sdk_4.4.1/platform/bootloader/security/sha/crypto_sha.o
LOAD ./gecko_sdk_4.4.1/platform/bootloader/security/sha/cryptoacc_sha.o
LOAD ./gecko_sdk_4.4.1/platform/bootloader/security/sha/se_sha.o
LOAD ./gecko_sdk_4.4.1/platform/common/src/sl_assert.o
LOAD ./gecko_sdk_4.4.1/platform/common/src/sl_syscalls.o
LOAD ./gecko_sdk_4.4.1/platform/common/toolchain/src/sl_memory.o
LOAD ./gecko_sdk_4.4.1/platform/emlib/src/em_cmu.o
LOAD ./gecko_sdk_4.4.1/platform/emlib/src/em_core.o
LOAD ./gecko_sdk_4.4.1/platform/emlib/src/em_cryotimer.o
LOAD ./gecko_sdk_4.4.1/platform/emlib/src/em_crypto.o
LOAD ./gecko_sdk_4.4.1/platform/emlib/src/em_dbg.o
LOAD ./gecko_sdk_4.4.1/platform/emlib/src/em_emu.o
LOAD ./gecko_sdk_4.4.1/platform/emlib/src/em_gpcrc.o
LOAD ./gecko_sdk_4.4.1/platform/emlib/src/em_gpio.o
LOAD ./gecko_sdk_4.4.1/platform/emlib/src/em_i2c.o
LOAD ./gecko_sdk_4.4.1/platform/emlib/src/em_ldma.o
LOAD ./gecko_sdk_4.4.1/platform/emlib/src/em_letimer.o
LOAD ./gecko_sdk_4.4.1/platform/emlib/src/em_leuart.o
LOAD ./gecko_sdk_4.4.1/platform/emlib/src/em_msc.o
LOAD ./gecko_sdk_4.4.1/platform/emlib/src/em_pcnt.o
LOAD ./gecko_sdk_4.4.1/platform/emlib/src/em_prs.o
LOAD ./gecko_sdk_4.4.1/platform/emlib/src/em_rmu.o
LOAD ./gecko_sdk_4.4.1/platform/emlib/src/em_rtcc.o
LOAD ./gecko_sdk_4.4.1/platform/emlib/src/em_system.o
LOAD ./gecko_sdk_4.4.1/platform/emlib/src/em_timer.o
LOAD ./gecko_sdk_4.4.1/platform/emlib/src/em_usart.o
LOAD ./gecko_sdk_4.4.1/platform/emlib/src/em_wdog.o
LOAD ./gecko_sdk_4.4.1/platform/security/sl_component/sl_mbedtls_support/src/crypto_aes.o
LOAD ./gecko_sdk_4.4.1/platform/security/sl_component/sl_mbedtls_support/src/sl_mbedtls.o
LOAD ./gecko_sdk_4.4.1/platform/security/sl_component/sl_psa_driver/src/crypto_management.o
LOAD ./gecko_sdk_4.4.1/platform/security/sl_component/sl_psa_driver/src/sli_crypto_transparent_driver_aead.o
LOAD ./gecko_sdk_4.4.1/platform/security/sl_component/sl_psa_driver/src/sli_crypto_transparent_driver_cipher.o
LOAD ./gecko_sdk_4.4.1/platform/security/sl_component/sl_psa_driver/src/sli_crypto_transparent_driver_hash.o
LOAD ./gecko_sdk_4.4.1/platform/security/sl_component/sl_psa_driver/src/sli_crypto_transparent_driver_mac.o
LOAD ./gecko_sdk_4.4.1/platform/security/sl_component/sl_psa_driver/src/sli_psa_driver_common.o
LOAD ./gecko_sdk_4.4.1/platform/security/sl_component/sl_psa_driver/src/sli_psa_driver_init.o
LOAD ./gecko_sdk_4.4.1/platform/security/sl_component/sl_psa_driver/src/sli_se_version_dependencies.o
LOAD ./gecko_sdk_4.4.1/platform/service/udelay/src/sl_udelay.o
LOAD ./gecko_sdk_4.4.1/platform/service/udelay/src/sl_udelay_armv6m_gcc.o
LOAD ./gecko_sdk_4.4.1/util/silicon_labs/silabs_core/memory_manager/sl_malloc.o
LOAD ./gecko_sdk_4.4.1/util/third_party/mbedtls/library/aes.o
LOAD ./gecko_sdk_4.4.1/util/third_party/mbedtls/library/constant_time.o
LOAD ./gecko_sdk_4.4.1/util/third_party/mbedtls/library/platform.o
LOAD ./gecko_sdk_4.4.1/util/third_party/mbedtls/library/platform_util.o
LOAD ./gecko_sdk_4.4.1/util/third_party/mbedtls/library/psa_crypto_client.o
LOAD ./gecko_sdk_4.4.1/util/third_party/mbedtls/library/psa_util.o
LOAD ./gecko_sdk_4.4.1/util/third_party/mbedtls/library/threading.o
LOAD /home/long/Downloads/SimplicityStudio_v5/developer/toolchains/gnu_arm/12.2.rel1_2023.7/bin/../lib/gcc/arm-none-eabi/12.2.1/thumb/v7e-m+fp/softfp/libgcc.a
LOAD /home/long/Downloads/SimplicityStudio_v5/developer/toolchains/gnu_arm/12.2.rel1_2023.7/bin/../lib/gcc/arm-none-eabi/12.2.1/../../../../arm-none-eabi/lib/thumb/v7e-m+fp/softfp/libc_nano.a
LOAD /home/long/Downloads/SimplicityStudio_v5/developer/toolchains/gnu_arm/12.2.rel1_2023.7/bin/../lib/gcc/arm-none-eabi/12.2.1/../../../../arm-none-eabi/lib/thumb/v7e-m+fp/softfp/libm.a
LOAD /home/long/Downloads/SimplicityStudio_v5/developer/toolchains/gnu_arm/12.2.rel1_2023.7/bin/../lib/gcc/arm-none-eabi/12.2.1/../../../../arm-none-eabi/lib/thumb/v7e-m+fp/softfp/libnosys.a
END GROUP
START GROUP
LOAD /home/long/Downloads/SimplicityStudio_v5/developer/toolchains/gnu_arm/12.2.rel1_2023.7/bin/../lib/gcc/arm-none-eabi/12.2.1/thumb/v7e-m+fp/softfp/libgcc.a
LOAD /home/long/Downloads/SimplicityStudio_v5/developer/toolchains/gnu_arm/12.2.rel1_2023.7/bin/../lib/gcc/arm-none-eabi/12.2.1/../../../../arm-none-eabi/lib/thumb/v7e-m+fp/softfp/libc_nano.a
LOAD /home/long/Downloads/SimplicityStudio_v5/developer/toolchains/gnu_arm/12.2.rel1_2023.7/bin/../lib/gcc/arm-none-eabi/12.2.1/../../../../arm-none-eabi/lib/thumb/v7e-m+fp/softfp/libnosys.a
END GROUP
START GROUP
LOAD /home/long/Downloads/SimplicityStudio_v5/developer/toolchains/gnu_arm/12.2.rel1_2023.7/bin/../lib/gcc/arm-none-eabi/12.2.1/thumb/v7e-m+fp/softfp/libgcc.a
LOAD /home/long/Downloads/SimplicityStudio_v5/developer/toolchains/gnu_arm/12.2.rel1_2023.7/bin/../lib/gcc/arm-none-eabi/12.2.1/../../../../arm-none-eabi/lib/thumb/v7e-m+fp/softfp/libg_nano.a
LOAD /home/long/Downloads/SimplicityStudio_v5/developer/toolchains/gnu_arm/12.2.rel1_2023.7/bin/../lib/gcc/arm-none-eabi/12.2.1/../../../../arm-none-eabi/lib/thumb/v7e-m+fp/softfp/libc_nano.a
END GROUP
START GROUP
LOAD /home/long/Downloads/SimplicityStudio_v5/developer/toolchains/gnu_arm/12.2.rel1_2023.7/bin/../lib/gcc/arm-none-eabi/12.2.1/thumb/v7e-m+fp/softfp/libgcc.a
LOAD /home/long/Downloads/SimplicityStudio_v5/developer/toolchains/gnu_arm/12.2.rel1_2023.7/bin/../lib/gcc/arm-none-eabi/12.2.1/../../../../arm-none-eabi/lib/thumb/v7e-m+fp/softfp/libc_nano.a
END GROUP
LOAD /home/long/Downloads/SimplicityStudio_v5/developer/toolchains/gnu_arm/12.2.rel1_2023.7/bin/../lib/gcc/arm-none-eabi/12.2.1/thumb/v7e-m+fp/softfp/crtend.o
LOAD /home/long/Downloads/SimplicityStudio_v5/developer/toolchains/gnu_arm/12.2.rel1_2023.7/bin/../lib/gcc/arm-none-eabi/12.2.1/thumb/v7e-m+fp/softfp/crtn.o

.text           0x000000000fe10800     0x35b4
                0x000000000fe10800                linker_vectors_begin = .
 *(.vectors)
 .vectors       0x000000000fe10800       0xe8 ./gecko_sdk_4.4.1/platform/Device/SiliconLabs/EFR32ZG14P/Source/startup_efr32zg14p.o
                0x000000000fe10800                __Vectors
                0x000000000fe108e8                linker_vectors_end = .
                0x000000000fe108e8                __Vectors_End = .
                0x000000000fe108e8                __Vectors_Size = (__Vectors_End - __Vectors)
                0x000000000fe108e8                linker_code_begin = .
 *(SORT_BY_ALIGNMENT(.text*))
 .text.deregister_tm_clones
                0x000000000fe108e8       0x1c /home/long/Downloads/SimplicityStudio_v5/developer/toolchains/gnu_arm/12.2.rel1_2023.7/bin/../lib/gcc/arm-none-eabi/12.2.1/thumb/v7e-m+fp/softfp/crtbegin.o
 .text.register_tm_clones
                0x000000000fe10904       0x24 /home/long/Downloads/SimplicityStudio_v5/developer/toolchains/gnu_arm/12.2.rel1_2023.7/bin/../lib/gcc/arm-none-eabi/12.2.1/thumb/v7e-m+fp/softfp/crtbegin.o
 .text.__do_global_dtors_aux
                0x000000000fe10928       0x28 /home/long/Downloads/SimplicityStudio_v5/developer/toolchains/gnu_arm/12.2.rel1_2023.7/bin/../lib/gcc/arm-none-eabi/12.2.1/thumb/v7e-m+fp/softfp/crtbegin.o
 .text.frame_dummy
                0x000000000fe10950       0x24 /home/long/Downloads/SimplicityStudio_v5/developer/toolchains/gnu_arm/12.2.rel1_2023.7/bin/../lib/gcc/arm-none-eabi/12.2.1/thumb/v7e-m+fp/softfp/crtbegin.o
 .text.Copy_Table
                0x000000000fe10974       0x28 ./gecko_sdk_4.4.1/platform/Device/SiliconLabs/EFR32ZG14P/Source/startup_efr32zg14p.o
                0x000000000fe10974                Copy_Table
 .text.Zero_Table
                0x000000000fe1099c       0x24 ./gecko_sdk_4.4.1/platform/Device/SiliconLabs/EFR32ZG14P/Source/startup_efr32zg14p.o
                0x000000000fe1099c                Zero_Table
 .text.SystemInit
                0x000000000fe109c0       0x1c ./gecko_sdk_4.4.1/platform/Device/SiliconLabs/EFR32ZG14P/Source/system_efr32zg14p.o
                0x000000000fe109c0                SystemInit
 .text.parser_applicationUpgradeValidCallback
                0x000000000fe109dc       0x54 ./gecko_sdk_4.4.1/platform/bootloader/app_version/btl_parser_app_version_check.o
                0x000000000fe109dc                parser_applicationUpgradeValidCallback
 .text.xmodem_reset
                0x000000000fe10a30       0x14 ./gecko_sdk_4.4.1/platform/bootloader/communication/xmodem-parser/btl_xmodem.o
                0x000000000fe10a30                xmodem_reset
 .text.xmodem_parsePacket
                0x000000000fe10a44       0xbc ./gecko_sdk_4.4.1/platform/bootloader/communication/xmodem-parser/btl_xmodem.o
                0x000000000fe10a44                xmodem_parsePacket
 .text.communication_main
                0x000000000fe10b00       0x10 ./gecko_sdk_4.4.1/platform/bootloader/communication/xmodem-uart/btl_comm_xmodem.o
                0x000000000fe10b00                communication_main
 .text.bootloader_xmodem_communication_start
                0x000000000fe10b10       0x6c ./gecko_sdk_4.4.1/platform/bootloader/communication/xmodem-uart/btl_comm_xmodem_common.o
                0x000000000fe10b10                bootloader_xmodem_communication_start
 .text.bootloader_xmodem_communication_main
                0x000000000fe10b7c      0x350 ./gecko_sdk_4.4.1/platform/bootloader/communication/xmodem-uart/btl_comm_xmodem_common.o
                0x000000000fe10b7c                bootloader_xmodem_communication_main
 .text.bootload_applicationCallback
                0x000000000fe10ecc       0x28 ./gecko_sdk_4.4.1/platform/bootloader/core/btl_bootload.o
                0x000000000fe10ecc                bootload_applicationCallback
 .text.bootload_bootloaderCallback
                0x000000000fe10ef4       0x60 ./gecko_sdk_4.4.1/platform/bootloader/core/btl_bootload.o
                0x000000000fe10ef4                bootload_bootloaderCallback
 .text.bootload_checkApplicationPropertiesMagic
                0x000000000fe10f54       0x48 ./gecko_sdk_4.4.1/platform/bootloader/core/btl_bootload.o
                0x000000000fe10f54                bootload_checkApplicationPropertiesMagic
 .text.bootload_verifyApplication
                0x000000000fe10f9c       0xe0 ./gecko_sdk_4.4.1/platform/bootloader/core/btl_bootload.o
                0x000000000fe10f9c                bootload_verifyApplication
 .text.bootload_commitBootloaderUpgrade
                0x000000000fe1107c       0x20 ./gecko_sdk_4.4.1/platform/bootloader/core/btl_bootload.o
                0x000000000fe1107c                bootload_commitBootloaderUpgrade
 .text.bootload_getBootloaderVersion
                0x000000000fe1109c       0x10 ./gecko_sdk_4.4.1/platform/bootloader/core/btl_bootload.o
                0x000000000fe1109c                bootload_getBootloaderVersion
 .text.startup.main
                0x000000000fe110ac       0x78 ./gecko_sdk_4.4.1/platform/bootloader/core/btl_main.o
                0x000000000fe110ac                main
 .text.SystemInit2
                0x000000000fe11124       0xa4 ./gecko_sdk_4.4.1/platform/bootloader/core/btl_main.o
                0x000000000fe11124                SystemInit2
 .text.reset_invalidateResetReason
                0x000000000fe111c8       0x10 ./gecko_sdk_4.4.1/platform/bootloader/core/btl_reset.o
                0x000000000fe111c8                reset_invalidateResetReason
 .text.reset_resetCounterEnabled
                0x000000000fe111d8       0x1c ./gecko_sdk_4.4.1/platform/bootloader/core/btl_reset.o
                0x000000000fe111d8                reset_resetCounterEnabled
 .text.reset_setResetReason
                0x000000000fe111f4       0x18 ./gecko_sdk_4.4.1/platform/bootloader/core/btl_reset.o
                0x000000000fe111f4                reset_setResetReason
 .text.reset_resetWithReason
                0x000000000fe1120c       0x3c ./gecko_sdk_4.4.1/platform/bootloader/core/btl_reset.o
                0x000000000fe1120c                reset_resetWithReason
 .text.reset_classifyReset
                0x000000000fe11248       0x2c ./gecko_sdk_4.4.1/platform/bootloader/core/btl_reset.o
                0x000000000fe11248                reset_classifyReset
 .text.delay_init
                0x000000000fe11274       0x5c ./gecko_sdk_4.4.1/platform/bootloader/driver/btl_driver_delay.o
                0x000000000fe11274                delay_init
 .text.delay_milliseconds
                0x000000000fe112d0       0x48 ./gecko_sdk_4.4.1/platform/bootloader/driver/btl_driver_delay.o
                0x000000000fe112d0                delay_milliseconds
 .text.delay_expired
                0x000000000fe11318       0x34 ./gecko_sdk_4.4.1/platform/bootloader/driver/btl_driver_delay.o
                0x000000000fe11318                delay_expired
 .text.uart_init
                0x000000000fe1134c      0x10c ./gecko_sdk_4.4.1/platform/bootloader/driver/btl_driver_uart.o
                0x000000000fe1134c                uart_init
 .text.uart_isTxIdle
                0x000000000fe11458       0x2c ./gecko_sdk_4.4.1/platform/bootloader/driver/btl_driver_uart.o
                0x000000000fe11458                uart_isTxIdle
 .text.uart_sendBuffer
                0x000000000fe11484       0x70 ./gecko_sdk_4.4.1/platform/bootloader/driver/btl_driver_uart.o
                0x000000000fe11484                uart_sendBuffer
 .text.uart_sendByte
                0x000000000fe114f4       0x28 ./gecko_sdk_4.4.1/platform/bootloader/driver/btl_driver_uart.o
                0x000000000fe114f4                uart_sendByte
 .text.uart_getRxAvailableBytes
                0x000000000fe1151c       0x48 ./gecko_sdk_4.4.1/platform/bootloader/driver/btl_driver_uart.o
                0x000000000fe1151c                uart_getRxAvailableBytes
 .text.uart_receiveBuffer
                0x000000000fe11564       0xa4 ./gecko_sdk_4.4.1/platform/bootloader/driver/btl_driver_uart.o
                0x000000000fe11564                uart_receiveBuffer
 .text.uart_flush
                0x000000000fe11608       0x40 ./gecko_sdk_4.4.1/platform/bootloader/driver/btl_driver_uart.o
                0x000000000fe11608                uart_flush
 .text.util_getClockFreq
                0x000000000fe11648       0x88 ./gecko_sdk_4.4.1/platform/bootloader/driver/btl_driver_util.o
                0x000000000fe11648                util_getClockFreq
 .text.gbl_lz4ReadMemory
                0x000000000fe116d0       0xec ./gecko_sdk_4.4.1/platform/bootloader/parser/compression/btl_decompress_lz4.o
                0x000000000fe116d0                gbl_lz4ReadMemory
 .text.gbl_lz4WriteMemory
                0x000000000fe117bc       0xb0 ./gecko_sdk_4.4.1/platform/bootloader/parser/compression/btl_decompress_lz4.o
                0x000000000fe117bc                gbl_lz4WriteMemory
 .text.gbl_lz4EnterProgTag
                0x000000000fe1186c       0x2c ./gecko_sdk_4.4.1/platform/bootloader/parser/compression/btl_decompress_lz4.o
                0x000000000fe1186c                gbl_lz4EnterProgTag
 .text.gbl_lz4ParseProgTag
                0x000000000fe11898       0x38 ./gecko_sdk_4.4.1/platform/bootloader/parser/compression/btl_decompress_lz4.o
                0x000000000fe11898                gbl_lz4ParseProgTag
 .text.gbl_lz4ExitProgTag
                0x000000000fe118d0       0x3c ./gecko_sdk_4.4.1/platform/bootloader/parser/compression/btl_decompress_lz4.o
                0x000000000fe118d0                gbl_lz4ExitProgTag
 .text.gbl_isCustomTag
                0x000000000fe1190c       0x10 ./gecko_sdk_4.4.1/platform/bootloader/parser/gbl/btl_gbl_custom_tags.o
                0x000000000fe1190c                gbl_isCustomTag
 .text.gbl_getCustomTagProperties
                0x000000000fe1191c       0x18 ./gecko_sdk_4.4.1/platform/bootloader/parser/gbl/btl_gbl_custom_tags.o
                0x000000000fe1191c                gbl_getCustomTagProperties
 .text.gbl_getTagParsingInfoFromTagId
                0x000000000fe11934       0x24 ./gecko_sdk_4.4.1/platform/bootloader/parser/gbl/btl_gbl_format.o
                0x000000000fe11934                gbl_getTagParsingInfoFromTagId
 .text.gbl_parseHeader
                0x000000000fe11958       0x7c ./gecko_sdk_4.4.1/platform/bootloader/parser/gbl/btl_gbl_parser.o
 .text.gbl_writeProgData
                0x000000000fe119d4       0xa8 ./gecko_sdk_4.4.1/platform/bootloader/parser/gbl/btl_gbl_parser.o
                0x000000000fe119d4                gbl_writeProgData
 .text.parser_parse
                0x000000000fe11a7c      0x704 ./gecko_sdk_4.4.1/platform/bootloader/parser/gbl/btl_gbl_parser.o
                0x000000000fe11a7c                parser_parse
 .text.btl_crc32Stream
                0x000000000fe12180       0x34 ./gecko_sdk_4.4.1/platform/bootloader/security/btl_crc32.o
                0x000000000fe12180                btl_crc32Stream
 .text.btl_verifyEcdsaP256r1
                0x000000000fe121b4       0x80 ./gecko_sdk_4.4.1/platform/bootloader/security/btl_security_ecdsa.o
                0x000000000fe121b4                btl_verifyEcdsaP256r1
 .text.btl_getSignedBootloaderKeyXPtr
                0x000000000fe12234        0x8 ./gecko_sdk_4.4.1/platform/bootloader/security/btl_security_tokens.o
                0x000000000fe12234                btl_getSignedBootloaderKeyXPtr
 .text.btl_getSignedBootloaderKeyYPtr
                0x000000000fe1223c        0x8 ./gecko_sdk_4.4.1/platform/bootloader/security/btl_security_tokens.o
                0x000000000fe1223c                btl_getSignedBootloaderKeyYPtr
 .text.btl_getImageFileEncryptionKeyPtr
                0x000000000fe12244        0x8 ./gecko_sdk_4.4.1/platform/bootloader/security/btl_security_tokens.o
                0x000000000fe12244                btl_getImageFileEncryptionKeyPtr
 .text.ECC_ModularInversePrime
                0x000000000fe1224c       0x90 ./gecko_sdk_4.4.1/platform/bootloader/security/ecc/ecc.o
 .text.ECC_AddPrimeMixedProjectiveAffine
                0x000000000fe122dc      0x178 ./gecko_sdk_4.4.1/platform/bootloader/security/ecc/ecc.o
 .text.ECC_ProjectiveToAffine
                0x000000000fe12454       0xac ./gecko_sdk_4.4.1/platform/bootloader/security/ecc/ecc.o
 .text.ECC_PointMul
                0x000000000fe12500      0x294 ./gecko_sdk_4.4.1/platform/bootloader/security/ecc/ecc.o
 .text.ECC_ECDSA_VerifySignatureP256
                0x000000000fe12794      0x280 ./gecko_sdk_4.4.1/platform/bootloader/security/ecc/ecc.o
                0x000000000fe12794                ECC_ECDSA_VerifySignatureP256
 .text.sha_x_update
                0x000000000fe12a14       0xbc ./gecko_sdk_4.4.1/platform/bootloader/security/sha/btl_sha256.o
                0x000000000fe12a14                sha_x_update
 .text.sha_x_finish.part.0
                0x000000000fe12ad0       0x98 ./gecko_sdk_4.4.1/platform/bootloader/security/sha/btl_sha256.o
 .text.sha_x_process
                0x000000000fe12b68      0x124 ./gecko_sdk_4.4.1/platform/bootloader/security/sha/crypto_sha.o
                0x000000000fe12b68                sha_x_process
 .text.syncReg  0x000000000fe12c8c       0x18 ./gecko_sdk_4.4.1/platform/emlib/src/em_cmu.o
 .text.CMU_ClockEnable
                0x000000000fe12ca4       0x8c ./gecko_sdk_4.4.1/platform/emlib/src/em_cmu.o
                0x000000000fe12ca4                CMU_ClockEnable
 .text.GPIO_PinModeSet
                0x000000000fe12d30       0x74 ./gecko_sdk_4.4.1/platform/emlib/src/em_gpio.o
                0x000000000fe12d30                GPIO_PinModeSet
 .text.MSC_ErasePage
                0x000000000fe12da4       0x9c ./gecko_sdk_4.4.1/platform/emlib/src/em_msc.o
                0x000000000fe12da4                MSC_ErasePage
 .text.MSC_WriteWordDma
                0x000000000fe12e40       0xec ./gecko_sdk_4.4.1/platform/emlib/src/em_msc.o
                0x000000000fe12e40                MSC_WriteWordDma
 .text.crypto_management_acquire
                0x000000000fe12f2c       0x14 ./gecko_sdk_4.4.1/platform/security/sl_component/sl_psa_driver/src/crypto_management.o
                0x000000000fe12f2c                crypto_management_acquire
 .text.crypto_management_release
                0x000000000fe12f40       0x1c ./gecko_sdk_4.4.1/platform/security/sl_component/sl_psa_driver/src/crypto_management.o
                0x000000000fe12f40                crypto_management_release
 .text.Default_Handler
                0x000000000fe12f5c        0x2 ./gecko_sdk_4.4.1/platform/Device/SiliconLabs/EFR32ZG14P/Source/startup_efr32zg14p.o
                0x000000000fe12f5c                DebugMon_Handler
                0x000000000fe12f5c                USART0_TX_IRQHandler
                0x000000000fe12f5c                PRORTC_IRQHandler
                0x000000000fe12f5c                I2C0_IRQHandler
                0x000000000fe12f5c                SysTick_Handler
                0x000000000fe12f5c                USART1_RX_IRQHandler
                0x000000000fe12f5c                PendSV_Handler
                0x000000000fe12f5c                NMI_Handler
                0x000000000fe12f5c                SYNTH_IRQHandler
                0x000000000fe12f5c                WTIMER0_IRQHandler
                0x000000000fe12f5c                CRYPTO0_IRQHandler
                0x000000000fe12f5c                WDOG0_IRQHandler
                0x000000000fe12f5c                USART1_TX_IRQHandler
                0x000000000fe12f5c                SMU_IRQHandler
                0x000000000fe12f5c                MSC_IRQHandler
                0x000000000fe12f5c                UsageFault_Handler
                0x000000000fe12f5c                WDOG1_IRQHandler
                0x000000000fe12f5c                LEUART0_IRQHandler
                0x000000000fe12f5c                FPUEH_IRQHandler
                0x000000000fe12f5c                GPIO_EVEN_IRQHandler
                0x000000000fe12f5c                LDMA_IRQHandler
                0x000000000fe12f5c                TIMER0_IRQHandler
                0x000000000fe12f5c                LETIMER0_IRQHandler
                0x000000000fe12f5c                TIMER1_IRQHandler
                0x000000000fe12f5c                TRNG0_IRQHandler
                0x000000000fe12f5c                RFSENSE_IRQHandler
                0x000000000fe12f5c                BUFC_IRQHandler
                0x000000000fe12f5c                MODEM_IRQHandler
                0x000000000fe12f5c                Default_Handler
                0x000000000fe12f5c                RAC_SEQ_IRQHandler
                0x000000000fe12f5c                FRC_PRI_IRQHandler
                0x000000000fe12f5c                EMU_IRQHandler
                0x000000000fe12f5c                FRC_IRQHandler
                0x000000000fe12f5c                CRYOTIMER_IRQHandler
                0x000000000fe12f5c                PCNT0_IRQHandler
                0x000000000fe12f5c                AGC_IRQHandler
                0x000000000fe12f5c                USART0_RX_IRQHandler
                0x000000000fe12f5c                MemManage_Handler
                0x000000000fe12f5c                SVC_Handler
                0x000000000fe12f5c                RTCC_IRQHandler
                0x000000000fe12f5c                CMU_IRQHandler
                0x000000000fe12f5c                RAC_RSM_IRQHandler
                0x000000000fe12f5c                GPIO_ODD_IRQHandler
                0x000000000fe12f5c                PROTIMER_IRQHandler
                0x000000000fe12f5c                BusFault_Handler
 .text.Reset_Handler
                0x000000000fe12f5e       0x16 ./gecko_sdk_4.4.1/platform/Device/SiliconLabs/EFR32ZG14P/Source/startup_efr32zg14p.o
                0x000000000fe12f5e                Reset_Handler
 .text.communication_init
                0x000000000fe12f74        0x4 ./gecko_sdk_4.4.1/platform/bootloader/communication/xmodem-uart/btl_comm_xmodem.o
                0x000000000fe12f74                communication_init
 .text.communication_start
                0x000000000fe12f78        0x4 ./gecko_sdk_4.4.1/platform/bootloader/communication/xmodem-uart/btl_comm_xmodem.o
                0x000000000fe12f78                communication_start
 .text.communication_shutdown
                0x000000000fe12f7c        0x2 ./gecko_sdk_4.4.1/platform/bootloader/communication/xmodem-uart/btl_comm_xmodem.o
                0x000000000fe12f7c                communication_shutdown
 .text.sendPacket.isra.0
                0x000000000fe12f7e       0x1e ./gecko_sdk_4.4.1/platform/bootloader/communication/xmodem-uart/btl_comm_xmodem_common.o
 .text.bootloader_xmodem_communication_init
                0x000000000fe12f9c        0x4 ./gecko_sdk_4.4.1/platform/bootloader/communication/xmodem-uart/btl_comm_xmodem_common.o
                0x000000000fe12f9c                bootloader_xmodem_communication_init
 .text.flashData
                0x000000000fe12fa0       0x44 ./gecko_sdk_4.4.1/platform/bootloader/core/btl_bootload.o
 .text.bootload_checkApplicationPropertiesVersion
                0x000000000fe12fe4        0xe ./gecko_sdk_4.4.1/platform/bootloader/core/btl_bootload.o
                0x000000000fe12fe4                bootload_checkApplicationPropertiesVersion
 .text.bootload_getUpgradeLocation
                0x000000000fe12ff2        0x6 ./gecko_sdk_4.4.1/platform/bootloader/core/btl_bootload.o
                0x000000000fe12ff2                bootload_getUpgradeLocation
 .text.btl_init
                0x000000000fe12ff8        0x4 ./gecko_sdk_4.4.1/platform/bootloader/core/btl_core.o
                0x000000000fe12ff8                btl_init
 .text.btl_deinit
                0x000000000fe12ffc        0x4 ./gecko_sdk_4.4.1/platform/bootloader/core/btl_core.o
                0x000000000fe12ffc                btl_deinit
 .text.bootToApp
                0x000000000fe13000       0x14 ./gecko_sdk_4.4.1/platform/bootloader/core/btl_main.o
 .text.HardFault_Handler
                0x000000000fe13014        0x8 ./gecko_sdk_4.4.1/platform/bootloader/core/btl_main.o
                0x000000000fe13014                HardFault_Handler
 .text.core_initParser
                0x000000000fe1301c       0x30 ./gecko_sdk_4.4.1/platform/bootloader/core/btl_parse.o
                0x000000000fe1301c                core_initParser
 .text.core_parseBuffer
                0x000000000fe1304c       0x30 ./gecko_sdk_4.4.1/platform/bootloader/core/btl_parse.o
                0x000000000fe1304c                core_parseBuffer
 .text.core_parseImageInfo
                0x000000000fe1307c       0x76 ./gecko_sdk_4.4.1/platform/bootloader/core/btl_parse.o
                0x000000000fe1307c                core_parseImageInfo
 .text.core_parserContextSize
                0x000000000fe130f2        0x6 ./gecko_sdk_4.4.1/platform/bootloader/core/btl_parse.o
                0x000000000fe130f2                core_parserContextSize
 .text.writeHalfwordDMA
                0x000000000fe130f8       0x30 ./gecko_sdk_4.4.1/platform/bootloader/core/flash/btl_internal_flash.o
 .text.flash_erasePage
                0x000000000fe13128        0xe ./gecko_sdk_4.4.1/platform/bootloader/core/flash/btl_internal_flash.o
                0x000000000fe13128                flash_erasePage
 .text.flash_writeBuffer_dma
                0x000000000fe13136       0x86 ./gecko_sdk_4.4.1/platform/bootloader/core/flash/btl_internal_flash.o
                0x000000000fe13136                flash_writeBuffer_dma
 .text.uart_receiveByteTimeout
                0x000000000fe131bc       0x14 ./gecko_sdk_4.4.1/platform/bootloader/driver/btl_driver_uart.o
                0x000000000fe131bc                uart_receiveByteTimeout
 .text.lz4_init
                0x000000000fe131d0       0x1c ./gecko_sdk_4.4.1/platform/bootloader/parser/compression/btl_decompress_lz4.o
                0x000000000fe131d0                lz4_init
 .text.lz4_decompress
                0x000000000fe131ec      0x10c ./gecko_sdk_4.4.1/platform/bootloader/parser/compression/btl_decompress_lz4.o
                0x000000000fe131ec                lz4_decompress
 .text.gbl_lz4NumBytesRequired
                0x000000000fe132f8        0xc ./gecko_sdk_4.4.1/platform/bootloader/parser/compression/btl_decompress_lz4.o
                0x000000000fe132f8                gbl_lz4NumBytesRequired
 .text.gbl_storeData
                0x000000000fe13304       0x42 ./gecko_sdk_4.4.1/platform/bootloader/parser/gbl/btl_gbl_parser.o
 .text.gbl_getData
                0x000000000fe13346      0x102 ./gecko_sdk_4.4.1/platform/bootloader/parser/gbl/btl_gbl_parser.o
 .text.parser_init
                0x000000000fe13448       0x5e ./gecko_sdk_4.4.1/platform/bootloader/parser/gbl/btl_gbl_parser.o
                0x000000000fe13448                parser_init
 .text.btl_crc16
                0x000000000fe134a6       0x1e ./gecko_sdk_4.4.1/platform/bootloader/security/btl_crc16.o
                0x000000000fe134a6                btl_crc16
 .text.btl_crc16Stream
                0x000000000fe134c4       0x1a ./gecko_sdk_4.4.1/platform/bootloader/security/btl_crc16.o
                0x000000000fe134c4                btl_crc16Stream
 .text.btl_initAesCcm
                0x000000000fe134de       0x40 ./gecko_sdk_4.4.1/platform/bootloader/security/btl_security_aes.o
                0x000000000fe134de                btl_initAesCcm
 .text.btl_processAesCtrData
                0x000000000fe1351e       0x22 ./gecko_sdk_4.4.1/platform/bootloader/security/btl_security_aes.o
                0x000000000fe1351e                btl_processAesCtrData
 .text.btl_initSha256
                0x000000000fe13540       0x14 ./gecko_sdk_4.4.1/platform/bootloader/security/btl_security_sha256.o
                0x000000000fe13540                btl_initSha256
 .text.btl_updateSha256
                0x000000000fe13554        0x4 ./gecko_sdk_4.4.1/platform/bootloader/security/btl_security_sha256.o
                0x000000000fe13554                btl_updateSha256
 .text.btl_finalizeSha256
                0x000000000fe13558        0x6 ./gecko_sdk_4.4.1/platform/bootloader/security/btl_security_sha256.o
                0x000000000fe13558                btl_finalizeSha256
 .text.bigIntEqual32bitVal.constprop.0
                0x000000000fe1355e       0x1e ./gecko_sdk_4.4.1/platform/bootloader/security/ecc/ecc.o
 .text.ECC_ByteArrayToBigInt
                0x000000000fe1357c       0x22 ./gecko_sdk_4.4.1/platform/bootloader/security/ecc/ecc.o
                0x000000000fe1357c                ECC_ByteArrayToBigInt
 .text.btl_sha256_init
                0x000000000fe1359e        0x8 ./gecko_sdk_4.4.1/platform/bootloader/security/sha/btl_sha256.o
                0x000000000fe1359e                btl_sha256_init
 .text.btl_sha256_starts_ret
                0x000000000fe135a6        0xa ./gecko_sdk_4.4.1/platform/bootloader/security/sha/btl_sha256.o
                0x000000000fe135a6                btl_sha256_starts_ret
 .text.btl_sha256_update_ret
                0x000000000fe135b0       0x1a ./gecko_sdk_4.4.1/platform/bootloader/security/sha/btl_sha256.o
                0x000000000fe135b0                btl_sha256_update_ret
 .text.btl_sha256_finish_ret
                0x000000000fe135ca        0xe ./gecko_sdk_4.4.1/platform/bootloader/security/sha/btl_sha256.o
                0x000000000fe135ca                btl_sha256_finish_ret
 .text.CORE_EnterCritical
                0x000000000fe135d8        0x8 ./gecko_sdk_4.4.1/platform/emlib/src/em_core.o
                0x000000000fe135d8                CORE_EnterCritical
 .text.CORE_ExitCritical
                0x000000000fe135e0        0x6 ./gecko_sdk_4.4.1/platform/emlib/src/em_core.o
                0x000000000fe135e0                CORE_ExitCritical
 .text.cryptoBurstToCryptoAndZeroize
                0x000000000fe135e6       0x30 ./gecko_sdk_4.4.1/platform/emlib/src/em_crypto.o
 .text.CRYPTO_BurstToCrypto
                0x000000000fe13616       0x14 ./gecko_sdk_4.4.1/platform/emlib/src/em_crypto.o
                0x000000000fe13616                CRYPTO_BurstToCrypto
 .text.CRYPTO_BurstFromCrypto
                0x000000000fe1362a       0x14 ./gecko_sdk_4.4.1/platform/emlib/src/em_crypto.o
                0x000000000fe1362a                CRYPTO_BurstFromCrypto
 .text.CRYPTO_DataWriteUnaligned
                0x000000000fe1363e       0x3a ./gecko_sdk_4.4.1/platform/emlib/src/em_crypto.o
                0x000000000fe1363e                CRYPTO_DataWriteUnaligned
 .text.CRYPTO_DataReadUnaligned
                0x000000000fe13678       0x3a ./gecko_sdk_4.4.1/platform/emlib/src/em_crypto.o
                0x000000000fe13678                CRYPTO_DataReadUnaligned
 .text.CRYPTO_DDataWrite
                0x000000000fe136b2       0x10 ./gecko_sdk_4.4.1/platform/emlib/src/em_crypto.o
                0x000000000fe136b2                CRYPTO_DDataWrite
 .text.CRYPTO_DDataRead
                0x000000000fe136c2       0x10 ./gecko_sdk_4.4.1/platform/emlib/src/em_crypto.o
                0x000000000fe136c2                CRYPTO_DDataRead
 .text.CRYPTO_QDataWrite
                0x000000000fe136d2       0x22 ./gecko_sdk_4.4.1/platform/emlib/src/em_crypto.o
                0x000000000fe136d2                CRYPTO_QDataWrite
 .text.CRYPTO_KeyBufWrite
                0x000000000fe136f4       0x30 ./gecko_sdk_4.4.1/platform/emlib/src/em_crypto.o
                0x000000000fe136f4                CRYPTO_KeyBufWrite
 .text.CRYPTO_KeyBufWriteUnaligned
                0x000000000fe13724       0x78 ./gecko_sdk_4.4.1/platform/emlib/src/em_crypto.o
                0x000000000fe13724                CRYPTO_KeyBufWriteUnaligned
 .text.CRYPTO_ModulusSet
                0x000000000fe1379c       0x2c ./gecko_sdk_4.4.1/platform/emlib/src/em_crypto.o
                0x000000000fe1379c                CRYPTO_ModulusSet
 .text.BUS_RegMaskedWrite
                0x000000000fe137c8       0x1e ./gecko_sdk_4.4.1/platform/emlib/src/em_gpio.o
 .text.TIMER_Init
                0x000000000fe137e6       0x68 ./gecko_sdk_4.4.1/platform/emlib/src/em_timer.o
                0x000000000fe137e6                TIMER_Init
 .text.mbedtls_aes_init
                0x000000000fe1384e        0x8 ./gecko_sdk_4.4.1/platform/security/sl_component/sl_mbedtls_support/src/crypto_aes.o
                0x000000000fe1384e                mbedtls_aes_init
 .text.mbedtls_aes_setkey_enc
                0x000000000fe13856       0x3c ./gecko_sdk_4.4.1/platform/security/sl_component/sl_mbedtls_support/src/crypto_aes.o
                0x000000000fe13856                mbedtls_aes_setkey_enc
 .text.mbedtls_aes_crypt_ctr
                0x000000000fe13892      0x170 ./gecko_sdk_4.4.1/platform/security/sl_component/sl_mbedtls_support/src/crypto_aes.o
                0x000000000fe13892                mbedtls_aes_crypt_ctr
 .text.memcpy   0x000000000fe13a02       0x1c /home/long/Downloads/SimplicityStudio_v5/developer/toolchains/gnu_arm/12.2.rel1_2023.7/bin/../lib/gcc/arm-none-eabi/12.2.1/../../../../arm-none-eabi/lib/thumb/v7e-m+fp/softfp/libc_nano.a(libc_a-memcpy-stub.o)
                0x000000000fe13a02                memcpy
 .text.memcmp   0x000000000fe13a1e       0x20 /home/long/Downloads/SimplicityStudio_v5/developer/toolchains/gnu_arm/12.2.rel1_2023.7/bin/../lib/gcc/arm-none-eabi/12.2.1/../../../../arm-none-eabi/lib/thumb/v7e-m+fp/softfp/libc_nano.a(libc_a-memcmp.o)
                0x000000000fe13a1e                memcmp
 .text.memset   0x000000000fe13a3e       0x10 /home/long/Downloads/SimplicityStudio_v5/developer/toolchains/gnu_arm/12.2.rel1_2023.7/bin/../lib/gcc/arm-none-eabi/12.2.1/../../../../arm-none-eabi/lib/thumb/v7e-m+fp/softfp/libc_nano.a(libc_a-memset.o)
                0x000000000fe13a3e                memset
                0x000000000fe13a60                . = ALIGN (0x20)
 *fill*         0x000000000fe13a4e       0x12 
                0x000000000fe13a60                linker_code_end = .
 *(.init)
 .init          0x000000000fe13a60        0x4 /home/long/Downloads/SimplicityStudio_v5/developer/toolchains/gnu_arm/12.2.rel1_2023.7/bin/../lib/gcc/arm-none-eabi/12.2.1/thumb/v7e-m+fp/softfp/crti.o
                0x000000000fe13a60                _init
 .init          0x000000000fe13a64        0x8 /home/long/Downloads/SimplicityStudio_v5/developer/toolchains/gnu_arm/12.2.rel1_2023.7/bin/../lib/gcc/arm-none-eabi/12.2.1/thumb/v7e-m+fp/softfp/crtn.o
 *(.fini)
 .fini          0x000000000fe13a6c        0x4 /home/long/Downloads/SimplicityStudio_v5/developer/toolchains/gnu_arm/12.2.rel1_2023.7/bin/../lib/gcc/arm-none-eabi/12.2.1/thumb/v7e-m+fp/softfp/crti.o
                0x000000000fe13a6c                _fini
 .fini          0x000000000fe13a70        0x8 /home/long/Downloads/SimplicityStudio_v5/developer/toolchains/gnu_arm/12.2.rel1_2023.7/bin/../lib/gcc/arm-none-eabi/12.2.1/thumb/v7e-m+fp/softfp/crtn.o
 *crtbegin.o(.ctors)
 *crtbegin?.o(.ctors)
 *(EXCLUDE_FILE(*crtend.o *crtend?.o) .ctors)
 *(SORT_BY_NAME(.ctors.*))
 *(.ctors)
 *crtbegin.o(.dtors)
 *crtbegin?.o(.dtors)
 *(EXCLUDE_FILE(*crtend.o *crtend?.o) .dtors)
 *(SORT_BY_NAME(.dtors.*))
 *(.dtors)
                0x000000000fe13a78                __code_classification_validator_start__ = .
                0x000000000fe13a98                . = (. + 0x20)
 *fill*         0x000000000fe13a78       0x20 
 *(code_classification_validator)
                0x000000000fe13aa0                . = ALIGN (0x20)
 *fill*         0x000000000fe13a98        0x8 
                0x000000000fe13aa0                __code_classification_validator_end__ = .
 *(.rodata*)
 .rodata.parseCb.0
                0x000000000fe13aa0       0x10 ./gecko_sdk_4.4.1/platform/bootloader/communication/xmodem-uart/btl_comm_xmodem.o
 .rodata.bootloader_xmodem_communication_start.str1.1
                0x000000000fe13ab0       0x47 ./gecko_sdk_4.4.1/platform/bootloader/communication/xmodem-uart/btl_comm_xmodem_common.o
 .rodata.bootError
                0x000000000fe13af7       0x13 ./gecko_sdk_4.4.1/platform/bootloader/communication/xmodem-uart/btl_comm_xmodem_common.o
 .rodata.fileError
                0x000000000fe13b0a       0x10 ./gecko_sdk_4.4.1/platform/bootloader/communication/xmodem-uart/btl_comm_xmodem_common.o
 .rodata.xmodemError
                0x000000000fe13b1a       0x11 ./gecko_sdk_4.4.1/platform/bootloader/communication/xmodem-uart/btl_comm_xmodem_common.o
 .rodata.transferAbortedStr
                0x000000000fe13b2b       0x1a ./gecko_sdk_4.4.1/platform/bootloader/communication/xmodem-uart/btl_comm_xmodem_common.o
 .rodata.transferCompleteStr
                0x000000000fe13b45       0x1b ./gecko_sdk_4.4.1/platform/bootloader/communication/xmodem-uart/btl_comm_xmodem_common.o
 .rodata.transferInitStr
                0x000000000fe13b60       0x11 ./gecko_sdk_4.4.1/platform/bootloader/communication/xmodem-uart/btl_comm_xmodem_common.o
 .rodata.bootload_checkApplicationPropertiesMagic.str1.1
                0x000000000fe13b71       0x11 ./gecko_sdk_4.4.1/platform/bootloader/core/btl_bootload.o
 *fill*         0x000000000fe13b82        0x2 
 .rodata.sl_app_properties
                0x000000000fe13b84       0x50 ./gecko_sdk_4.4.1/platform/bootloader/core/btl_main.o
                0x000000000fe13b84                sl_app_properties
 .rodata.mainStageTable
                0x000000000fe13bd4       0x48 ./gecko_sdk_4.4.1/platform/bootloader/core/btl_main.o
                0x000000000fe13bd4                mainStageTable
 .rodata        0x000000000fe13c1c       0x11 ./gecko_sdk_4.4.1/platform/bootloader/driver/btl_driver_util.o
 *fill*         0x000000000fe13c2d        0x3 
 .rodata.gblCustomTags
                0x000000000fe13c30       0x14 ./gecko_sdk_4.4.1/platform/bootloader/parser/gbl/btl_gbl_custom_tags.o
                0x000000000fe13c30                gblCustomTags
 .rodata.gblTagParsingInfoStructs
                0x000000000fe13c44       0x84 ./gecko_sdk_4.4.1/platform/bootloader/parser/gbl/btl_gbl_format.o
                0x000000000fe13c44                gblTagParsingInfoStructs
 .rodata.ECC_Curve_Params
                0x000000000fe13cc8       0x8c ./gecko_sdk_4.4.1/platform/bootloader/security/ecc/ecc.o
 .rodata.shax_padding
                0x000000000fe13d54       0x40 ./gecko_sdk_4.4.1/platform/bootloader/security/sha/btl_sha256.o
 .rodata.init_state_sha256
                0x000000000fe13d94       0x20 ./gecko_sdk_4.4.1/platform/bootloader/security/sha/btl_sha256.o
 *(.eh_frame*)
 .eh_frame      0x000000000fe13db4        0x0 /home/long/Downloads/SimplicityStudio_v5/developer/toolchains/gnu_arm/12.2.rel1_2023.7/bin/../lib/gcc/arm-none-eabi/12.2.1/thumb/v7e-m+fp/softfp/crtbegin.o

.glue_7         0x000000000fe13db4        0x0
 .glue_7        0x000000000fe13db4        0x0 linker stubs

.glue_7t        0x000000000fe13db4        0x0
 .glue_7t       0x000000000fe13db4        0x0 linker stubs

.vfp11_veneer   0x000000000fe13db4        0x0
 .vfp11_veneer  0x000000000fe13db4        0x0 linker stubs

.v4_bx          0x000000000fe13db4        0x0
 .v4_bx         0x000000000fe13db4        0x0 linker stubs

.iplt           0x000000000fe13db4        0x0
 .iplt          0x000000000fe13db4        0x0 /home/long/Downloads/SimplicityStudio_v5/developer/toolchains/gnu_arm/12.2.rel1_2023.7/bin/../lib/gcc/arm-none-eabi/12.2.1/thumb/v7e-m+fp/softfp/crtbegin.o

.rel.dyn        0x000000000fe13db4        0x0
 .rel.iplt      0x000000000fe13db4        0x0 /home/long/Downloads/SimplicityStudio_v5/developer/toolchains/gnu_arm/12.2.rel1_2023.7/bin/../lib/gcc/arm-none-eabi/12.2.1/thumb/v7e-m+fp/softfp/crtbegin.o

.ARM.extab
 *(.ARM.extab* .gnu.linkonce.armextab.*)
                0x000000000fe13db4                __exidx_start = .

.ARM.exidx
 *(.ARM.exidx* .gnu.linkonce.armexidx.*)
                0x000000000fe13db4                __exidx_end = .

.copy.table     0x000000000fe13db4        0xc
                0x000000000fe13db4                . = ALIGN (0x4)
                0x000000000fe13db4                __copy_table_start__ = .
                0x000000000fe13db4        0x4 LONG 0xfe13dc0 __etext
                0x000000000fe13db8        0x4 LONG 0x20001008 __data_start__
                0x000000000fe13dbc        0x4 LONG 0x18 ((__data_end__ - __data_start__) / 0x4)
                0x000000000fe13dc0                __copy_table_end__ = .

.zero.table     0x000000000fe13dc0        0x0
                0x000000000fe13dc0                . = ALIGN (0x4)
                0x000000000fe13dc0                __zero_table_start__ = .
                0x000000000fe13dc0                __zero_table_end__ = .
                0x000000000fe13dc0                __etext = .
                0x0000000020000000                . = ORIGIN (BOOTLOADER_RESET_REGION)

.bootloader_reset_section
                0x0000000020000000        0x0
                0x0000000020000000                __ResetReasonStart__ = .
 *(.bootloader_reset_section)
                0x0000000020000004                . = ORIGIN (RAM)

.stack          0x0000000020000008     0x1000
                0x0000000020000008                __StackLimit = .
 *(.stack*)
 .stack         0x0000000020000008     0x1000 ./gecko_sdk_4.4.1/platform/common/toolchain/src/sl_memory.o
                0x0000000020001008                . = ALIGN (0x4)
                0x0000000020001008                __StackTop = .
                0x0000000020001008                PROVIDE (__stack = __StackTop)

.noinit
 *(.noinit*)

.data           0x0000000020001008       0x60 load address 0x000000000fe13dc0
                0x0000000020001008                . = ALIGN (0x4)
                0x0000000020001008                __data_start__ = .
 *(vtable)
 *(SORT_BY_ALIGNMENT(.data*))
 .data.ldmaRxDesc
                0x0000000020001008       0x40 ./gecko_sdk_4.4.1/platform/bootloader/driver/btl_driver_uart.o
 .data.ldmaTxDesc
                0x0000000020001048       0x10 ./gecko_sdk_4.4.1/platform/bootloader/driver/btl_driver_uart.o
 .data.sl_uart_init_inst
                0x0000000020001058        0x8 ./gecko_sdk_4.4.1/platform/bootloader/driver/btl_driver_uart.o
                0x0000000020001058                sl_uart_init_inst
                0x0000000020001060                . = ALIGN (0x4)
                [!provide]                        PROVIDE (__ram_func_section_start = .)
 *(.ram)
                [!provide]                        PROVIDE (__ram_func_section_end = .)
                0x0000000020001060                . = ALIGN (0x4)
                0x0000000020001060                PROVIDE (__preinit_array_start = .)
 *(.preinit_array)
                0x0000000020001060                PROVIDE (__preinit_array_end = .)
                0x0000000020001060                . = ALIGN (0x4)
                0x0000000020001060                PROVIDE (__init_array_start = .)
 *(SORT_BY_NAME(.init_array.*))
 *(.init_array)
 .init_array    0x0000000020001060        0x4 /home/long/Downloads/SimplicityStudio_v5/developer/toolchains/gnu_arm/12.2.rel1_2023.7/bin/../lib/gcc/arm-none-eabi/12.2.1/thumb/v7e-m+fp/softfp/crtbegin.o
                0x0000000020001064                PROVIDE (__init_array_end = .)
                0x0000000020001064                . = ALIGN (0x4)
                [!provide]                        PROVIDE (__fini_array_start = .)
 *(SORT_BY_NAME(.fini_array.*))
 *(.fini_array)
 .fini_array    0x0000000020001064        0x4 /home/long/Downloads/SimplicityStudio_v5/developer/toolchains/gnu_arm/12.2.rel1_2023.7/bin/../lib/gcc/arm-none-eabi/12.2.1/thumb/v7e-m+fp/softfp/crtbegin.o
                [!provide]                        PROVIDE (__fini_array_end = .)
                0x0000000020001068                . = ALIGN (0x4)
                0x0000000020001068                __data_end__ = .
                0x000000000fe13e20                __rom_end__ = (__etext + SIZEOF (.data))

.tm_clone_table
                0x0000000020001068        0x0 load address 0x000000000fe13e20
 .tm_clone_table
                0x0000000020001068        0x0 /home/long/Downloads/SimplicityStudio_v5/developer/toolchains/gnu_arm/12.2.rel1_2023.7/bin/../lib/gcc/arm-none-eabi/12.2.1/thumb/v7e-m+fp/softfp/crtbegin.o
 .tm_clone_table
                0x0000000020001068        0x0 /home/long/Downloads/SimplicityStudio_v5/developer/toolchains/gnu_arm/12.2.rel1_2023.7/bin/../lib/gcc/arm-none-eabi/12.2.1/thumb/v7e-m+fp/softfp/crtend.o

.igot.plt       0x0000000020001068        0x0 load address 0x000000000fe13e20
 .igot.plt      0x0000000020001068        0x0 /home/long/Downloads/SimplicityStudio_v5/developer/toolchains/gnu_arm/12.2.rel1_2023.7/bin/../lib/gcc/arm-none-eabi/12.2.1/thumb/v7e-m+fp/softfp/crtbegin.o

.bss            0x0000000020001068      0x2f0 load address 0x000000000fe13e20
                0x0000000020001068                . = ALIGN (0x4)
                0x0000000020001068                __bss_start__ = .
 *(SORT_BY_ALIGNMENT(.bss*))
 .bss.object.0  0x0000000020001068       0x18 /home/long/Downloads/SimplicityStudio_v5/developer/toolchains/gnu_arm/12.2.rel1_2023.7/bin/../lib/gcc/arm-none-eabi/12.2.1/thumb/v7e-m+fp/softfp/crtbegin.o
 .bss.imageProps.1
                0x0000000020001080       0x28 ./gecko_sdk_4.4.1/platform/bootloader/communication/xmodem-uart/btl_comm_xmodem.o
 .bss.ticksPerMillisecond
                0x00000000200010a8        0x4 ./gecko_sdk_4.4.1/platform/bootloader/driver/btl_driver_delay.o
 .bss.rxHead    0x00000000200010ac        0x4 ./gecko_sdk_4.4.1/platform/bootloader/driver/btl_driver_uart.o
 .bss.lz4ParserContext
                0x00000000200010b0       0x20 ./gecko_sdk_4.4.1/platform/bootloader/parser/compression/btl_decompress_lz4.o
 .bss.delayTarget
                0x00000000200010d0        0x2 ./gecko_sdk_4.4.1/platform/bootloader/driver/btl_driver_delay.o
 .bss.completed.1
                0x00000000200010d2        0x1 /home/long/Downloads/SimplicityStudio_v5/developer/toolchains/gnu_arm/12.2.rel1_2023.7/bin/../lib/gcc/arm-none-eabi/12.2.1/thumb/v7e-m+fp/softfp/crtbegin.o
 .bss.started   0x00000000200010d3        0x1 ./gecko_sdk_4.4.1/platform/bootloader/communication/xmodem-parser/btl_xmodem.o
 .bss.packetNumber
                0x00000000200010d4        0x1 ./gecko_sdk_4.4.1/platform/bootloader/communication/xmodem-parser/btl_xmodem.o
 .bss.expectOverflow
                0x00000000200010d5        0x1 ./gecko_sdk_4.4.1/platform/bootloader/driver/btl_driver_delay.o
 .bss.txBuffer  0x00000000200010d6       0x80 ./gecko_sdk_4.4.1/platform/bootloader/driver/btl_driver_uart.o
 .bss.rxBuffer  0x0000000020001156      0x200 ./gecko_sdk_4.4.1/platform/bootloader/driver/btl_driver_uart.o
 *(COMMON)
                0x0000000020001358                . = ALIGN (0x4)
 *fill*         0x0000000020001356        0x2 
                0x0000000020001358                __bss_end__ = .
                0x0000000020001358                __ramfuncs_start__ = .
                0x0000000020001358                __vma_ramfuncs_start__ = .
                0x000000000fe13e20                __lma_ramfuncs_start__ = (__etext + SIZEOF (.data))
                0x0000000000000000                __text_application_ram_offset__ = (. - __vma_ramfuncs_start__)

text_application_ram
                0x0000000020001358        0x0 load address 0x000000000fe13e20
                0x0000000020001358                . = ALIGN (0x4)
                0x0000000020001358                __text_application_ram_start__ = .
 *(text_application_ram)
                0x0000000020001358                . = ALIGN (0x4)
                0x0000000020001358                __text_application_ram_end__ = .
                0x0000000020001358                . = ALIGN (0x4)
                0x0000000020001358                __vma_ramfuncs_end__ = .
                0x000000000fe13e20                __lma_ramfuncs_end__ = ((__lma_ramfuncs_start__ + __text_application_ram_offset__) + SIZEOF (text_application_ram))
                0x0000000020001358                __ramfuncs_end__ = .

.heap           0x0000000020001358      0x800
                0x0000000020001358                __HeapBase = .
                0x0000000020001358                __end__ = .
                0x0000000020001358                end = __end__
                0x0000000020001358                _end = __end__
 *(.heap*)
 .heap          0x0000000020001358      0x800 ./gecko_sdk_4.4.1/platform/common/toolchain/src/sl_memory.o
                0x0000000020008000                __HeapLimit = (ORIGIN (RAM) + LENGTH (RAM))
                0x0000000000006ca8                __heap_size = (__HeapLimit - __HeapBase)
                0x0000000020008000                __ram_end__ = 0x20008000
                0x0000000000040000                __main_flash_end__ = 0x40000

.internal_storage
 *(.internal_storage*)

.nvm
 *(.simee*)
                0x0000000000040000                linker_nvm_end = __main_flash_end__
                0x0000000000040000                linker_nvm_begin = (linker_nvm_end - SIZEOF (.nvm))
                0x0000000000000000                linker_nvm_size = SIZEOF (.nvm)
                0x0000000000040000                linker_storage_end = linker_nvm_begin
                0x0000000000040000                __nvm3Base = linker_nvm_begin
                0x0000000000040000                linker_storage_begin = (linker_storage_end - SIZEOF (.internal_storage))
                0x0000000000000000                linker_storage_size = SIZEOF (.internal_storage)
                0x0000000000000020                _app_rollback_protection_size = 0x20
                0x0000000000000001                ASSERT (((((ORIGIN (FLASH) + LENGTH (FLASH)) - 0x4) - _app_rollback_protection_size) >= (__etext + SIZEOF (.data))), FLASH memory overflowed !)
OUTPUT(bootloader-uart-xmodem-zwave.axf elf32-littlearm)
LOAD linker stubs

.ARM.attributes
                0x0000000000000000       0x2e
 .ARM.attributes
                0x0000000000000000       0x22 /home/long/Downloads/SimplicityStudio_v5/developer/toolchains/gnu_arm/12.2.rel1_2023.7/bin/../lib/gcc/arm-none-eabi/12.2.1/thumb/v7e-m+fp/softfp/crti.o
 .ARM.attributes
                0x0000000000000022       0x32 /home/long/Downloads/SimplicityStudio_v5/developer/toolchains/gnu_arm/12.2.rel1_2023.7/bin/../lib/gcc/arm-none-eabi/12.2.1/thumb/v7e-m+fp/softfp/crtbegin.o
 .ARM.attributes
                0x0000000000000054       0x32 ./gecko_sdk_4.4.1/platform/Device/SiliconLabs/EFR32ZG14P/Source/startup_efr32zg14p.o
 .ARM.attributes
                0x0000000000000086       0x32 ./gecko_sdk_4.4.1/platform/Device/SiliconLabs/EFR32ZG14P/Source/system_efr32zg14p.o
 .ARM.attributes
                0x00000000000000b8       0x32 ./gecko_sdk_4.4.1/platform/bootloader/app_version/btl_parser_app_version_check.o
 .ARM.attributes
                0x00000000000000ea       0x32 ./gecko_sdk_4.4.1/platform/bootloader/communication/xmodem-parser/btl_xmodem.o
 .ARM.attributes
                0x000000000000011c       0x32 ./gecko_sdk_4.4.1/platform/bootloader/communication/xmodem-uart/btl_comm_xmodem.o
 .ARM.attributes
                0x000000000000014e       0x32 ./gecko_sdk_4.4.1/platform/bootloader/communication/xmodem-uart/btl_comm_xmodem_common.o
 .ARM.attributes
                0x0000000000000180       0x32 ./gecko_sdk_4.4.1/platform/bootloader/core/btl_bootload.o
 .ARM.attributes
                0x00000000000001b2       0x32 ./gecko_sdk_4.4.1/platform/bootloader/core/btl_core.o
 .ARM.attributes
                0x00000000000001e4       0x32 ./gecko_sdk_4.4.1/platform/bootloader/core/btl_main.o
 .ARM.attributes
                0x0000000000000216       0x32 ./gecko_sdk_4.4.1/platform/bootloader/core/btl_parse.o
 .ARM.attributes
                0x0000000000000248       0x32 ./gecko_sdk_4.4.1/platform/bootloader/core/btl_reset.o
 .ARM.attributes
                0x000000000000027a       0x32 ./gecko_sdk_4.4.1/platform/bootloader/core/flash/btl_internal_flash.o
 .ARM.attributes
                0x00000000000002ac       0x32 ./gecko_sdk_4.4.1/platform/bootloader/driver/btl_driver_delay.o
 .ARM.attributes
                0x00000000000002de       0x32 ./gecko_sdk_4.4.1/platform/bootloader/driver/btl_driver_uart.o
 .ARM.attributes
                0x0000000000000310       0x32 ./gecko_sdk_4.4.1/platform/bootloader/driver/btl_driver_util.o
 .ARM.attributes
                0x0000000000000342       0x32 ./gecko_sdk_4.4.1/platform/bootloader/parser/compression/btl_decompress_lz4.o
 .ARM.attributes
                0x0000000000000374       0x32 ./gecko_sdk_4.4.1/platform/bootloader/parser/gbl/btl_gbl_custom_tags.o
 .ARM.attributes
                0x00000000000003a6       0x32 ./gecko_sdk_4.4.1/platform/bootloader/parser/gbl/btl_gbl_format.o
 .ARM.attributes
                0x00000000000003d8       0x32 ./gecko_sdk_4.4.1/platform/bootloader/parser/gbl/btl_gbl_parser.o
 .ARM.attributes
                0x000000000000040a       0x32 ./gecko_sdk_4.4.1/platform/bootloader/security/btl_crc16.o
 .ARM.attributes
                0x000000000000043c       0x32 ./gecko_sdk_4.4.1/platform/bootloader/security/btl_crc32.o
 .ARM.attributes
                0x000000000000046e       0x32 ./gecko_sdk_4.4.1/platform/bootloader/security/btl_security_aes.o
 .ARM.attributes
                0x00000000000004a0       0x32 ./gecko_sdk_4.4.1/platform/bootloader/security/btl_security_ecdsa.o
 .ARM.attributes
                0x00000000000004d2       0x32 ./gecko_sdk_4.4.1/platform/bootloader/security/btl_security_sha256.o
 .ARM.attributes
                0x0000000000000504       0x32 ./gecko_sdk_4.4.1/platform/bootloader/security/btl_security_tokens.o
 .ARM.attributes
                0x0000000000000536       0x32 ./gecko_sdk_4.4.1/platform/bootloader/security/ecc/ecc.o
 .ARM.attributes
                0x0000000000000568       0x32 ./gecko_sdk_4.4.1/platform/bootloader/security/sha/btl_sha256.o
 .ARM.attributes
                0x000000000000059a       0x32 ./gecko_sdk_4.4.1/platform/bootloader/security/sha/crypto_sha.o
 .ARM.attributes
                0x00000000000005cc       0x32 ./gecko_sdk_4.4.1/platform/common/toolchain/src/sl_memory.o
 .ARM.attributes
                0x00000000000005fe       0x32 ./gecko_sdk_4.4.1/platform/emlib/src/em_cmu.o
 .ARM.attributes
                0x0000000000000630       0x32 ./gecko_sdk_4.4.1/platform/emlib/src/em_core.o
 .ARM.attributes
                0x0000000000000662       0x32 ./gecko_sdk_4.4.1/platform/emlib/src/em_crypto.o
 .ARM.attributes
                0x0000000000000694       0x32 ./gecko_sdk_4.4.1/platform/emlib/src/em_gpio.o
 .ARM.attributes
                0x00000000000006c6       0x32 ./gecko_sdk_4.4.1/platform/emlib/src/em_msc.o
 .ARM.attributes
                0x00000000000006f8       0x32 ./gecko_sdk_4.4.1/platform/emlib/src/em_timer.o
 .ARM.attributes
                0x000000000000072a       0x32 ./gecko_sdk_4.4.1/platform/security/sl_component/sl_mbedtls_support/src/crypto_aes.o
 .ARM.attributes
                0x000000000000075c       0x32 ./gecko_sdk_4.4.1/platform/security/sl_component/sl_psa_driver/src/crypto_management.o
 .ARM.attributes
                0x000000000000078e       0x32 /home/long/Downloads/SimplicityStudio_v5/developer/toolchains/gnu_arm/12.2.rel1_2023.7/bin/../lib/gcc/arm-none-eabi/12.2.1/../../../../arm-none-eabi/lib/thumb/v7e-m+fp/softfp/libc_nano.a(libc_a-memcpy-stub.o)
 .ARM.attributes
                0x00000000000007c0       0x32 /home/long/Downloads/SimplicityStudio_v5/developer/toolchains/gnu_arm/12.2.rel1_2023.7/bin/../lib/gcc/arm-none-eabi/12.2.1/../../../../arm-none-eabi/lib/thumb/v7e-m+fp/softfp/libc_nano.a(libc_a-memcmp.o)
 .ARM.attributes
                0x00000000000007f2       0x32 /home/long/Downloads/SimplicityStudio_v5/developer/toolchains/gnu_arm/12.2.rel1_2023.7/bin/../lib/gcc/arm-none-eabi/12.2.1/../../../../arm-none-eabi/lib/thumb/v7e-m+fp/softfp/libc_nano.a(libc_a-memset.o)
 .ARM.attributes
                0x0000000000000824       0x32 /home/long/Downloads/SimplicityStudio_v5/developer/toolchains/gnu_arm/12.2.rel1_2023.7/bin/../lib/gcc/arm-none-eabi/12.2.1/thumb/v7e-m+fp/softfp/crtend.o
 .ARM.attributes
                0x0000000000000856       0x22 /home/long/Downloads/SimplicityStudio_v5/developer/toolchains/gnu_arm/12.2.rel1_2023.7/bin/../lib/gcc/arm-none-eabi/12.2.1/thumb/v7e-m+fp/softfp/crtn.o

.comment        0x0000000000000000       0x45
 .comment       0x0000000000000000       0x45 ./gecko_sdk_4.4.1/platform/Device/SiliconLabs/EFR32ZG14P/Source/startup_efr32zg14p.o
                                         0x46 (size before relaxing)
 .comment       0x0000000000000045       0x46 ./gecko_sdk_4.4.1/platform/Device/SiliconLabs/EFR32ZG14P/Source/system_efr32zg14p.o
 .comment       0x0000000000000045       0x46 ./gecko_sdk_4.4.1/platform/bootloader/app_version/btl_parser_app_version_check.o
 .comment       0x0000000000000045       0x46 ./gecko_sdk_4.4.1/platform/bootloader/communication/xmodem-parser/btl_xmodem.o
 .comment       0x0000000000000045       0x46 ./gecko_sdk_4.4.1/platform/bootloader/communication/xmodem-uart/btl_comm_xmodem.o
 .comment       0x0000000000000045       0x46 ./gecko_sdk_4.4.1/platform/bootloader/communication/xmodem-uart/btl_comm_xmodem_common.o
 .comment       0x0000000000000045       0x46 ./gecko_sdk_4.4.1/platform/bootloader/core/btl_bootload.o
 .comment       0x0000000000000045       0x46 ./gecko_sdk_4.4.1/platform/bootloader/core/btl_core.o
 .comment       0x0000000000000045       0x46 ./gecko_sdk_4.4.1/platform/bootloader/core/btl_main.o
 .comment       0x0000000000000045       0x46 ./gecko_sdk_4.4.1/platform/bootloader/core/btl_parse.o
 .comment       0x0000000000000045       0x46 ./gecko_sdk_4.4.1/platform/bootloader/core/btl_reset.o
 .comment       0x0000000000000045       0x46 ./gecko_sdk_4.4.1/platform/bootloader/core/flash/btl_internal_flash.o
 .comment       0x0000000000000045       0x46 ./gecko_sdk_4.4.1/platform/bootloader/driver/btl_driver_delay.o
 .comment       0x0000000000000045       0x46 ./gecko_sdk_4.4.1/platform/bootloader/driver/btl_driver_uart.o
 .comment       0x0000000000000045       0x46 ./gecko_sdk_4.4.1/platform/bootloader/driver/btl_driver_util.o
 .comment       0x0000000000000045       0x46 ./gecko_sdk_4.4.1/platform/bootloader/parser/compression/btl_decompress_lz4.o
 .comment       0x0000000000000045       0x46 ./gecko_sdk_4.4.1/platform/bootloader/parser/gbl/btl_gbl_custom_tags.o
 .comment       0x0000000000000045       0x46 ./gecko_sdk_4.4.1/platform/bootloader/parser/gbl/btl_gbl_format.o
 .comment       0x0000000000000045       0x46 ./gecko_sdk_4.4.1/platform/bootloader/parser/gbl/btl_gbl_parser.o
 .comment       0x0000000000000045       0x46 ./gecko_sdk_4.4.1/platform/bootloader/security/btl_crc16.o
 .comment       0x0000000000000045       0x46 ./gecko_sdk_4.4.1/platform/bootloader/security/btl_crc32.o
 .comment       0x0000000000000045       0x46 ./gecko_sdk_4.4.1/platform/bootloader/security/btl_security_aes.o
 .comment       0x0000000000000045       0x46 ./gecko_sdk_4.4.1/platform/bootloader/security/btl_security_ecdsa.o
 .comment       0x0000000000000045       0x46 ./gecko_sdk_4.4.1/platform/bootloader/security/btl_security_sha256.o
 .comment       0x0000000000000045       0x46 ./gecko_sdk_4.4.1/platform/bootloader/security/btl_security_tokens.o
 .comment       0x0000000000000045       0x46 ./gecko_sdk_4.4.1/platform/bootloader/security/ecc/ecc.o
 .comment       0x0000000000000045       0x46 ./gecko_sdk_4.4.1/platform/bootloader/security/sha/btl_sha256.o
 .comment       0x0000000000000045       0x46 ./gecko_sdk_4.4.1/platform/bootloader/security/sha/crypto_sha.o
 .comment       0x0000000000000045       0x46 ./gecko_sdk_4.4.1/platform/common/toolchain/src/sl_memory.o
 .comment       0x0000000000000045       0x46 ./gecko_sdk_4.4.1/platform/emlib/src/em_cmu.o
 .comment       0x0000000000000045       0x46 ./gecko_sdk_4.4.1/platform/emlib/src/em_core.o
 .comment       0x0000000000000045       0x46 ./gecko_sdk_4.4.1/platform/emlib/src/em_crypto.o
 .comment       0x0000000000000045       0x46 ./gecko_sdk_4.4.1/platform/emlib/src/em_gpio.o
 .comment       0x0000000000000045       0x46 ./gecko_sdk_4.4.1/platform/emlib/src/em_msc.o
 .comment       0x0000000000000045       0x46 ./gecko_sdk_4.4.1/platform/emlib/src/em_timer.o
 .comment       0x0000000000000045       0x46 ./gecko_sdk_4.4.1/platform/security/sl_component/sl_mbedtls_support/src/crypto_aes.o
 .comment       0x0000000000000045       0x46 ./gecko_sdk_4.4.1/platform/security/sl_component/sl_psa_driver/src/crypto_management.o

.debug_info     0x0000000000000000    0x20546
 .debug_info    0x0000000000000000      0xa94 ./gecko_sdk_4.4.1/platform/Device/SiliconLabs/EFR32ZG14P/Source/startup_efr32zg14p.o
 .debug_info    0x0000000000000a94      0xa35 ./gecko_sdk_4.4.1/platform/Device/SiliconLabs/EFR32ZG14P/Source/system_efr32zg14p.o
 .debug_info    0x00000000000014c9      0xab3 ./gecko_sdk_4.4.1/platform/bootloader/app_version/btl_parser_app_version_check.o
 .debug_info    0x0000000000001f7c      0x252 ./gecko_sdk_4.4.1/platform/bootloader/communication/xmodem-parser/btl_xmodem.o
 .debug_info    0x00000000000021ce      0x39c ./gecko_sdk_4.4.1/platform/bootloader/communication/xmodem-uart/btl_comm_xmodem.o
 .debug_info    0x000000000000256a     0x118e ./gecko_sdk_4.4.1/platform/bootloader/communication/xmodem-uart/btl_comm_xmodem_common.o
 .debug_info    0x00000000000036f8     0x1459 ./gecko_sdk_4.4.1/platform/bootloader/core/btl_bootload.o
 .debug_info    0x0000000000004b51       0xed ./gecko_sdk_4.4.1/platform/bootloader/core/btl_core.o
 .debug_info    0x0000000000004c3e     0x1943 ./gecko_sdk_4.4.1/platform/bootloader/core/btl_main.o
 .debug_info    0x0000000000006581      0x9c0 ./gecko_sdk_4.4.1/platform/bootloader/core/btl_parse.o
 .debug_info    0x0000000000006f41      0x627 ./gecko_sdk_4.4.1/platform/bootloader/core/btl_reset.o
 .debug_info    0x0000000000007568      0x656 ./gecko_sdk_4.4.1/platform/bootloader/core/flash/btl_internal_flash.o
 .debug_info    0x0000000000007bbe      0xbf7 ./gecko_sdk_4.4.1/platform/bootloader/driver/btl_driver_delay.o
 .debug_info    0x00000000000087b5     0x18ff ./gecko_sdk_4.4.1/platform/bootloader/driver/btl_driver_uart.o
 .debug_info    0x000000000000a0b4      0x8f2 ./gecko_sdk_4.4.1/platform/bootloader/driver/btl_driver_util.o
 .debug_info    0x000000000000a9a6     0x1673 ./gecko_sdk_4.4.1/platform/bootloader/parser/compression/btl_decompress_lz4.o
 .debug_info    0x000000000000c019      0x5eb ./gecko_sdk_4.4.1/platform/bootloader/parser/gbl/btl_gbl_custom_tags.o
 .debug_info    0x000000000000c604      0x24b ./gecko_sdk_4.4.1/platform/bootloader/parser/gbl/btl_gbl_format.o
 .debug_info    0x000000000000c84f     0x25c3 ./gecko_sdk_4.4.1/platform/bootloader/parser/gbl/btl_gbl_parser.o
 .debug_info    0x000000000000ee12      0x173 ./gecko_sdk_4.4.1/platform/bootloader/security/btl_crc16.o
 .debug_info    0x000000000000ef85      0x725 ./gecko_sdk_4.4.1/platform/bootloader/security/btl_crc32.o
 .debug_info    0x000000000000f6aa      0x5ca ./gecko_sdk_4.4.1/platform/bootloader/security/btl_security_aes.o
 .debug_info    0x000000000000fc74      0x900 ./gecko_sdk_4.4.1/platform/bootloader/security/btl_security_ecdsa.o
 .debug_info    0x0000000000010574      0x3f3 ./gecko_sdk_4.4.1/platform/bootloader/security/btl_security_sha256.o
 .debug_info    0x0000000000010967       0xe1 ./gecko_sdk_4.4.1/platform/bootloader/security/btl_security_tokens.o
 .debug_info    0x0000000000010a48     0x1e3f ./gecko_sdk_4.4.1/platform/bootloader/security/ecc/ecc.o
 .debug_info    0x0000000000012887      0x8e8 ./gecko_sdk_4.4.1/platform/bootloader/security/sha/btl_sha256.o
 .debug_info    0x000000000001316f      0x9a7 ./gecko_sdk_4.4.1/platform/bootloader/security/sha/crypto_sha.o
 .debug_info    0x0000000000013b16      0x205 ./gecko_sdk_4.4.1/platform/common/toolchain/src/sl_memory.o
 .debug_info    0x0000000000013d1b     0x3c6e ./gecko_sdk_4.4.1/platform/emlib/src/em_cmu.o
 .debug_info    0x0000000000017989      0xe0f ./gecko_sdk_4.4.1/platform/emlib/src/em_core.o
 .debug_info    0x0000000000018798     0x3a37 ./gecko_sdk_4.4.1/platform/emlib/src/em_crypto.o
 .debug_info    0x000000000001c1cf      0xf18 ./gecko_sdk_4.4.1/platform/emlib/src/em_gpio.o
 .debug_info    0x000000000001d0e7      0xdc8 ./gecko_sdk_4.4.1/platform/emlib/src/em_msc.o
 .debug_info    0x000000000001deaf      0xae7 ./gecko_sdk_4.4.1/platform/emlib/src/em_timer.o
 .debug_info    0x000000000001e996      0xe2a ./gecko_sdk_4.4.1/platform/security/sl_component/sl_mbedtls_support/src/crypto_aes.o
 .debug_info    0x000000000001f7c0      0xd86 ./gecko_sdk_4.4.1/platform/security/sl_component/sl_psa_driver/src/crypto_management.o

.debug_abbrev   0x0000000000000000     0x59cb
 .debug_abbrev  0x0000000000000000      0x222 ./gecko_sdk_4.4.1/platform/Device/SiliconLabs/EFR32ZG14P/Source/startup_efr32zg14p.o
 .debug_abbrev  0x0000000000000222      0x231 ./gecko_sdk_4.4.1/platform/Device/SiliconLabs/EFR32ZG14P/Source/system_efr32zg14p.o
 .debug_abbrev  0x0000000000000453      0x183 ./gecko_sdk_4.4.1/platform/bootloader/app_version/btl_parser_app_version_check.o
 .debug_abbrev  0x00000000000005d6      0x13f ./gecko_sdk_4.4.1/platform/bootloader/communication/xmodem-parser/btl_xmodem.o
 .debug_abbrev  0x0000000000000715      0x195 ./gecko_sdk_4.4.1/platform/bootloader/communication/xmodem-uart/btl_comm_xmodem.o
 .debug_abbrev  0x00000000000008aa      0x372 ./gecko_sdk_4.4.1/platform/bootloader/communication/xmodem-uart/btl_comm_xmodem_common.o
 .debug_abbrev  0x0000000000000c1c      0x415 ./gecko_sdk_4.4.1/platform/bootloader/core/btl_bootload.o
 .debug_abbrev  0x0000000000001031       0x8f ./gecko_sdk_4.4.1/platform/bootloader/core/btl_core.o
 .debug_abbrev  0x00000000000010c0      0x3c5 ./gecko_sdk_4.4.1/platform/bootloader/core/btl_main.o
 .debug_abbrev  0x0000000000001485      0x217 ./gecko_sdk_4.4.1/platform/bootloader/core/btl_parse.o
 .debug_abbrev  0x000000000000169c      0x221 ./gecko_sdk_4.4.1/platform/bootloader/core/btl_reset.o
 .debug_abbrev  0x00000000000018bd      0x1ac ./gecko_sdk_4.4.1/platform/bootloader/core/flash/btl_internal_flash.o
 .debug_abbrev  0x0000000000001a69      0x219 ./gecko_sdk_4.4.1/platform/bootloader/driver/btl_driver_delay.o
 .debug_abbrev  0x0000000000001c82      0x3e6 ./gecko_sdk_4.4.1/platform/bootloader/driver/btl_driver_uart.o
 .debug_abbrev  0x0000000000002068      0x163 ./gecko_sdk_4.4.1/platform/bootloader/driver/btl_driver_util.o
 .debug_abbrev  0x00000000000021cb      0x355 ./gecko_sdk_4.4.1/platform/bootloader/parser/compression/btl_decompress_lz4.o
 .debug_abbrev  0x0000000000002520      0x151 ./gecko_sdk_4.4.1/platform/bootloader/parser/gbl/btl_gbl_custom_tags.o
 .debug_abbrev  0x0000000000002671      0x10a ./gecko_sdk_4.4.1/platform/bootloader/parser/gbl/btl_gbl_format.o
 .debug_abbrev  0x000000000000277b      0x468 ./gecko_sdk_4.4.1/platform/bootloader/parser/gbl/btl_gbl_parser.o
 .debug_abbrev  0x0000000000002be3       0xb8 ./gecko_sdk_4.4.1/platform/bootloader/security/btl_crc16.o
 .debug_abbrev  0x0000000000002c9b       0xd6 ./gecko_sdk_4.4.1/platform/bootloader/security/btl_crc32.o
 .debug_abbrev  0x0000000000002d71      0x1f5 ./gecko_sdk_4.4.1/platform/bootloader/security/btl_security_aes.o
 .debug_abbrev  0x0000000000002f66      0x1ab ./gecko_sdk_4.4.1/platform/bootloader/security/btl_security_ecdsa.o
 .debug_abbrev  0x0000000000003111      0x1c9 ./gecko_sdk_4.4.1/platform/bootloader/security/btl_security_sha256.o
 .debug_abbrev  0x00000000000032da       0x67 ./gecko_sdk_4.4.1/platform/bootloader/security/btl_security_tokens.o
 .debug_abbrev  0x0000000000003341      0x4a6 ./gecko_sdk_4.4.1/platform/bootloader/security/ecc/ecc.o
 .debug_abbrev  0x00000000000037e7      0x29e ./gecko_sdk_4.4.1/platform/bootloader/security/sha/btl_sha256.o
 .debug_abbrev  0x0000000000003a85      0x293 ./gecko_sdk_4.4.1/platform/bootloader/security/sha/crypto_sha.o
 .debug_abbrev  0x0000000000003d18      0x11e ./gecko_sdk_4.4.1/platform/common/toolchain/src/sl_memory.o
 .debug_abbrev  0x0000000000003e36      0x585 ./gecko_sdk_4.4.1/platform/emlib/src/em_cmu.o
 .debug_abbrev  0x00000000000043bb      0x379 ./gecko_sdk_4.4.1/platform/emlib/src/em_core.o
 .debug_abbrev  0x0000000000004734      0x4d1 ./gecko_sdk_4.4.1/platform/emlib/src/em_crypto.o
 .debug_abbrev  0x0000000000004c05      0x3b4 ./gecko_sdk_4.4.1/platform/emlib/src/em_gpio.o
 .debug_abbrev  0x0000000000004fb9      0x2a7 ./gecko_sdk_4.4.1/platform/emlib/src/em_msc.o
 .debug_abbrev  0x0000000000005260      0x2ac ./gecko_sdk_4.4.1/platform/emlib/src/em_timer.o
 .debug_abbrev  0x000000000000550c      0x266 ./gecko_sdk_4.4.1/platform/security/sl_component/sl_mbedtls_support/src/crypto_aes.o
 .debug_abbrev  0x0000000000005772      0x259 ./gecko_sdk_4.4.1/platform/security/sl_component/sl_psa_driver/src/crypto_management.o

.debug_loc      0x0000000000000000    0x106e0
 .debug_loc     0x0000000000000000       0x20 ./gecko_sdk_4.4.1/platform/Device/SiliconLabs/EFR32ZG14P/Source/startup_efr32zg14p.o
 .debug_loc     0x0000000000000020       0xd8 ./gecko_sdk_4.4.1/platform/Device/SiliconLabs/EFR32ZG14P/Source/system_efr32zg14p.o
 .debug_loc     0x00000000000000f8       0x86 ./gecko_sdk_4.4.1/platform/bootloader/app_version/btl_parser_app_version_check.o
 .debug_loc     0x000000000000017e      0x180 ./gecko_sdk_4.4.1/platform/bootloader/communication/xmodem-parser/btl_xmodem.o
 .debug_loc     0x00000000000002fe      0x461 ./gecko_sdk_4.4.1/platform/bootloader/communication/xmodem-uart/btl_comm_xmodem_common.o
 .debug_loc     0x000000000000075f      0x912 ./gecko_sdk_4.4.1/platform/bootloader/core/btl_bootload.o
 .debug_loc     0x0000000000001071      0x118 ./gecko_sdk_4.4.1/platform/bootloader/core/btl_main.o
 .debug_loc     0x0000000000001189      0x28f ./gecko_sdk_4.4.1/platform/bootloader/core/btl_parse.o
 .debug_loc     0x0000000000001418       0xca ./gecko_sdk_4.4.1/platform/bootloader/core/btl_reset.o
 .debug_loc     0x00000000000014e2      0x702 ./gecko_sdk_4.4.1/platform/bootloader/core/flash/btl_internal_flash.o
 .debug_loc     0x0000000000001be4      0x1ab ./gecko_sdk_4.4.1/platform/bootloader/driver/btl_driver_delay.o
 .debug_loc     0x0000000000001d8f      0x7e6 ./gecko_sdk_4.4.1/platform/bootloader/driver/btl_driver_uart.o
 .debug_loc     0x0000000000002575      0x10f ./gecko_sdk_4.4.1/platform/bootloader/driver/btl_driver_util.o
 .debug_loc     0x0000000000002684      0xf7b ./gecko_sdk_4.4.1/platform/bootloader/parser/compression/btl_decompress_lz4.o
 .debug_loc     0x00000000000035ff       0x4a ./gecko_sdk_4.4.1/platform/bootloader/parser/gbl/btl_gbl_custom_tags.o
 .debug_loc     0x0000000000003649       0x65 ./gecko_sdk_4.4.1/platform/bootloader/parser/gbl/btl_gbl_format.o
 .debug_loc     0x00000000000036ae     0x11c1 ./gecko_sdk_4.4.1/platform/bootloader/parser/gbl/btl_gbl_parser.o
 .debug_loc     0x000000000000486f      0x16e ./gecko_sdk_4.4.1/platform/bootloader/security/btl_crc16.o
 .debug_loc     0x00000000000049dd       0xba ./gecko_sdk_4.4.1/platform/bootloader/security/btl_crc32.o
 .debug_loc     0x0000000000004a97      0x486 ./gecko_sdk_4.4.1/platform/bootloader/security/btl_security_aes.o
 .debug_loc     0x0000000000004f1d      0x143 ./gecko_sdk_4.4.1/platform/bootloader/security/btl_security_ecdsa.o
 .debug_loc     0x0000000000005060      0x288 ./gecko_sdk_4.4.1/platform/bootloader/security/btl_security_sha256.o
 .debug_loc     0x00000000000052e8     0x1170 ./gecko_sdk_4.4.1/platform/bootloader/security/ecc/ecc.o
 .debug_loc     0x0000000000006458      0x8d0 ./gecko_sdk_4.4.1/platform/bootloader/security/sha/btl_sha256.o
 .debug_loc     0x0000000000006d28      0x302 ./gecko_sdk_4.4.1/platform/bootloader/security/sha/crypto_sha.o
 .debug_loc     0x000000000000702a       0x98 ./gecko_sdk_4.4.1/platform/common/toolchain/src/sl_memory.o
 .debug_loc     0x00000000000070c2     0x2c92 ./gecko_sdk_4.4.1/platform/emlib/src/em_cmu.o
 .debug_loc     0x0000000000009d54      0x67c ./gecko_sdk_4.4.1/platform/emlib/src/em_core.o
 .debug_loc     0x000000000000a3d0     0x451c ./gecko_sdk_4.4.1/platform/emlib/src/em_crypto.o
 .debug_loc     0x000000000000e8ec      0x892 ./gecko_sdk_4.4.1/platform/emlib/src/em_gpio.o
 .debug_loc     0x000000000000f17e      0x7e9 ./gecko_sdk_4.4.1/platform/emlib/src/em_msc.o
 .debug_loc     0x000000000000f967      0x31a ./gecko_sdk_4.4.1/platform/emlib/src/em_timer.o
 .debug_loc     0x000000000000fc81      0x826 ./gecko_sdk_4.4.1/platform/security/sl_component/sl_mbedtls_support/src/crypto_aes.o
 .debug_loc     0x00000000000104a7      0x239 ./gecko_sdk_4.4.1/platform/security/sl_component/sl_psa_driver/src/crypto_management.o

.debug_aranges  0x0000000000000000      0xcc0
 .debug_aranges
                0x0000000000000000       0x38 ./gecko_sdk_4.4.1/platform/Device/SiliconLabs/EFR32ZG14P/Source/startup_efr32zg14p.o
 .debug_aranges
                0x0000000000000038       0x68 ./gecko_sdk_4.4.1/platform/Device/SiliconLabs/EFR32ZG14P/Source/system_efr32zg14p.o
 .debug_aranges
                0x00000000000000a0       0x20 ./gecko_sdk_4.4.1/platform/bootloader/app_version/btl_parser_app_version_check.o
 .debug_aranges
                0x00000000000000c0       0x30 ./gecko_sdk_4.4.1/platform/bootloader/communication/xmodem-parser/btl_xmodem.o
 .debug_aranges
                0x00000000000000f0       0x38 ./gecko_sdk_4.4.1/platform/bootloader/communication/xmodem-uart/btl_comm_xmodem.o
 .debug_aranges
                0x0000000000000128       0x38 ./gecko_sdk_4.4.1/platform/bootloader/communication/xmodem-uart/btl_comm_xmodem_common.o
 .debug_aranges
                0x0000000000000160       0xb8 ./gecko_sdk_4.4.1/platform/bootloader/core/btl_bootload.o
 .debug_aranges
                0x0000000000000218       0x28 ./gecko_sdk_4.4.1/platform/bootloader/core/btl_core.o
 .debug_aranges
                0x0000000000000240       0x38 ./gecko_sdk_4.4.1/platform/bootloader/core/btl_main.o
 .debug_aranges
                0x0000000000000278       0x38 ./gecko_sdk_4.4.1/platform/bootloader/core/btl_parse.o
 .debug_aranges
                0x00000000000002b0       0x68 ./gecko_sdk_4.4.1/platform/bootloader/core/btl_reset.o
 .debug_aranges
                0x0000000000000318       0x40 ./gecko_sdk_4.4.1/platform/bootloader/core/flash/btl_internal_flash.o
 .debug_aranges
                0x0000000000000358       0x38 ./gecko_sdk_4.4.1/platform/bootloader/driver/btl_driver_delay.o
 .debug_aranges
                0x0000000000000390       0x68 ./gecko_sdk_4.4.1/platform/bootloader/driver/btl_driver_uart.o
 .debug_aranges
                0x00000000000003f8       0x28 ./gecko_sdk_4.4.1/platform/bootloader/driver/btl_driver_util.o
 .debug_aranges
                0x0000000000000420       0x60 ./gecko_sdk_4.4.1/platform/bootloader/parser/compression/btl_decompress_lz4.o
 .debug_aranges
                0x0000000000000480       0x28 ./gecko_sdk_4.4.1/platform/bootloader/parser/gbl/btl_gbl_custom_tags.o
 .debug_aranges
                0x00000000000004a8       0x20 ./gecko_sdk_4.4.1/platform/bootloader/parser/gbl/btl_gbl_format.o
 .debug_aranges
                0x00000000000004c8       0x50 ./gecko_sdk_4.4.1/platform/bootloader/parser/gbl/btl_gbl_parser.o
 .debug_aranges
                0x0000000000000518       0x28 ./gecko_sdk_4.4.1/platform/bootloader/security/btl_crc16.o
 .debug_aranges
                0x0000000000000540       0x20 ./gecko_sdk_4.4.1/platform/bootloader/security/btl_crc32.o
 .debug_aranges
                0x0000000000000560       0x40 ./gecko_sdk_4.4.1/platform/bootloader/security/btl_security_aes.o
 .debug_aranges
                0x00000000000005a0       0x20 ./gecko_sdk_4.4.1/platform/bootloader/security/btl_security_ecdsa.o
 .debug_aranges
                0x00000000000005c0       0x38 ./gecko_sdk_4.4.1/platform/bootloader/security/btl_security_sha256.o
 .debug_aranges
                0x00000000000005f8       0x30 ./gecko_sdk_4.4.1/platform/bootloader/security/btl_security_tokens.o
 .debug_aranges
                0x0000000000000628       0x70 ./gecko_sdk_4.4.1/platform/bootloader/security/ecc/ecc.o
 .debug_aranges
                0x0000000000000698       0x50 ./gecko_sdk_4.4.1/platform/bootloader/security/sha/btl_sha256.o
 .debug_aranges
                0x00000000000006e8       0x20 ./gecko_sdk_4.4.1/platform/bootloader/security/sha/crypto_sha.o
 .debug_aranges
                0x0000000000000708       0x30 ./gecko_sdk_4.4.1/platform/common/toolchain/src/sl_memory.o
 .debug_aranges
                0x0000000000000738      0x1b0 ./gecko_sdk_4.4.1/platform/emlib/src/em_cmu.o
 .debug_aranges
                0x00000000000008e8       0xe8 ./gecko_sdk_4.4.1/platform/emlib/src/em_core.o
 .debug_aranges
                0x00000000000009d0      0x158 ./gecko_sdk_4.4.1/platform/emlib/src/em_crypto.o
 .debug_aranges
                0x0000000000000b28       0x58 ./gecko_sdk_4.4.1/platform/emlib/src/em_gpio.o
 .debug_aranges
                0x0000000000000b80       0x70 ./gecko_sdk_4.4.1/platform/emlib/src/em_msc.o
 .debug_aranges
                0x0000000000000bf0       0x38 ./gecko_sdk_4.4.1/platform/emlib/src/em_timer.o
 .debug_aranges
                0x0000000000000c28       0x58 ./gecko_sdk_4.4.1/platform/security/sl_component/sl_mbedtls_support/src/crypto_aes.o
 .debug_aranges
                0x0000000000000c80       0x40 ./gecko_sdk_4.4.1/platform/security/sl_component/sl_psa_driver/src/crypto_management.o

.debug_ranges   0x0000000000000000     0x19f0
 .debug_ranges  0x0000000000000000       0x28 ./gecko_sdk_4.4.1/platform/Device/SiliconLabs/EFR32ZG14P/Source/startup_efr32zg14p.o
 .debug_ranges  0x0000000000000028       0x58 ./gecko_sdk_4.4.1/platform/Device/SiliconLabs/EFR32ZG14P/Source/system_efr32zg14p.o
 .debug_ranges  0x0000000000000080       0x28 ./gecko_sdk_4.4.1/platform/bootloader/app_version/btl_parser_app_version_check.o
 .debug_ranges  0x00000000000000a8       0x20 ./gecko_sdk_4.4.1/platform/bootloader/communication/xmodem-parser/btl_xmodem.o
 .debug_ranges  0x00000000000000c8       0x28 ./gecko_sdk_4.4.1/platform/bootloader/communication/xmodem-uart/btl_comm_xmodem.o
 .debug_ranges  0x00000000000000f0       0x88 ./gecko_sdk_4.4.1/platform/bootloader/communication/xmodem-uart/btl_comm_xmodem_common.o
 .debug_ranges  0x0000000000000178       0xc0 ./gecko_sdk_4.4.1/platform/bootloader/core/btl_bootload.o
 .debug_ranges  0x0000000000000238       0x18 ./gecko_sdk_4.4.1/platform/bootloader/core/btl_core.o
 .debug_ranges  0x0000000000000250       0x40 ./gecko_sdk_4.4.1/platform/bootloader/core/btl_main.o
 .debug_ranges  0x0000000000000290       0x28 ./gecko_sdk_4.4.1/platform/bootloader/core/btl_parse.o
 .debug_ranges  0x00000000000002b8       0x58 ./gecko_sdk_4.4.1/platform/bootloader/core/btl_reset.o
 .debug_ranges  0x0000000000000310       0x60 ./gecko_sdk_4.4.1/platform/bootloader/core/flash/btl_internal_flash.o
 .debug_ranges  0x0000000000000370       0x28 ./gecko_sdk_4.4.1/platform/bootloader/driver/btl_driver_delay.o
 .debug_ranges  0x0000000000000398       0xd0 ./gecko_sdk_4.4.1/platform/bootloader/driver/btl_driver_uart.o
 .debug_ranges  0x0000000000000468       0x18 ./gecko_sdk_4.4.1/platform/bootloader/driver/btl_driver_util.o
 .debug_ranges  0x0000000000000480       0xe0 ./gecko_sdk_4.4.1/platform/bootloader/parser/compression/btl_decompress_lz4.o
 .debug_ranges  0x0000000000000560       0x18 ./gecko_sdk_4.4.1/platform/bootloader/parser/gbl/btl_gbl_custom_tags.o
 .debug_ranges  0x0000000000000578       0x28 ./gecko_sdk_4.4.1/platform/bootloader/parser/gbl/btl_gbl_format.o
 .debug_ranges  0x00000000000005a0      0x200 ./gecko_sdk_4.4.1/platform/bootloader/parser/gbl/btl_gbl_parser.o
 .debug_ranges  0x00000000000007a0       0x18 ./gecko_sdk_4.4.1/platform/bootloader/security/btl_crc16.o
 .debug_ranges  0x00000000000007b8       0x10 ./gecko_sdk_4.4.1/platform/bootloader/security/btl_crc32.o
 .debug_ranges  0x00000000000007c8       0x30 ./gecko_sdk_4.4.1/platform/bootloader/security/btl_security_aes.o
 .debug_ranges  0x00000000000007f8       0x10 ./gecko_sdk_4.4.1/platform/bootloader/security/btl_security_ecdsa.o
 .debug_ranges  0x0000000000000808       0x40 ./gecko_sdk_4.4.1/platform/bootloader/security/btl_security_sha256.o
 .debug_ranges  0x0000000000000848       0x20 ./gecko_sdk_4.4.1/platform/bootloader/security/btl_security_tokens.o
 .debug_ranges  0x0000000000000868      0x108 ./gecko_sdk_4.4.1/platform/bootloader/security/ecc/ecc.o
 .debug_ranges  0x0000000000000970       0xd8 ./gecko_sdk_4.4.1/platform/bootloader/security/sha/btl_sha256.o
 .debug_ranges  0x0000000000000a48       0x58 ./gecko_sdk_4.4.1/platform/bootloader/security/sha/crypto_sha.o
 .debug_ranges  0x0000000000000aa0       0x20 ./gecko_sdk_4.4.1/platform/common/toolchain/src/sl_memory.o
 .debug_ranges  0x0000000000000ac0      0x470 ./gecko_sdk_4.4.1/platform/emlib/src/em_cmu.o
 .debug_ranges  0x0000000000000f30      0x1a0 ./gecko_sdk_4.4.1/platform/emlib/src/em_core.o
 .debug_ranges  0x00000000000010d0      0x5a0 ./gecko_sdk_4.4.1/platform/emlib/src/em_crypto.o
 .debug_ranges  0x0000000000001670      0x188 ./gecko_sdk_4.4.1/platform/emlib/src/em_gpio.o
 .debug_ranges  0x00000000000017f8       0xc0 ./gecko_sdk_4.4.1/platform/emlib/src/em_msc.o
 .debug_ranges  0x00000000000018b8       0x58 ./gecko_sdk_4.4.1/platform/emlib/src/em_timer.o
 .debug_ranges  0x0000000000001910       0x68 ./gecko_sdk_4.4.1/platform/security/sl_component/sl_mbedtls_support/src/crypto_aes.o
 .debug_ranges  0x0000000000001978       0x78 ./gecko_sdk_4.4.1/platform/security/sl_component/sl_psa_driver/src/crypto_management.o

.debug_line     0x0000000000000000    0x10b26
 .debug_line    0x0000000000000000      0x403 ./gecko_sdk_4.4.1/platform/Device/SiliconLabs/EFR32ZG14P/Source/startup_efr32zg14p.o
 .debug_line    0x0000000000000403      0x45e ./gecko_sdk_4.4.1/platform/Device/SiliconLabs/EFR32ZG14P/Source/system_efr32zg14p.o
 .debug_line    0x0000000000000861      0x43b ./gecko_sdk_4.4.1/platform/bootloader/app_version/btl_parser_app_version_check.o
 .debug_line    0x0000000000000c9c      0x427 ./gecko_sdk_4.4.1/platform/bootloader/communication/xmodem-parser/btl_xmodem.o
 .debug_line    0x00000000000010c3      0x424 ./gecko_sdk_4.4.1/platform/bootloader/communication/xmodem-uart/btl_comm_xmodem.o
 .debug_line    0x00000000000014e7      0xb77 ./gecko_sdk_4.4.1/platform/bootloader/communication/xmodem-uart/btl_comm_xmodem_common.o
 .debug_line    0x000000000000205e      0x940 ./gecko_sdk_4.4.1/platform/bootloader/core/btl_bootload.o
 .debug_line    0x000000000000299e      0x18a ./gecko_sdk_4.4.1/platform/bootloader/core/btl_core.o
 .debug_line    0x0000000000002b28      0xa04 ./gecko_sdk_4.4.1/platform/bootloader/core/btl_main.o
 .debug_line    0x000000000000352c      0x650 ./gecko_sdk_4.4.1/platform/bootloader/core/btl_parse.o
 .debug_line    0x0000000000003b7c      0x51d ./gecko_sdk_4.4.1/platform/bootloader/core/btl_reset.o
 .debug_line    0x0000000000004099      0x4a9 ./gecko_sdk_4.4.1/platform/bootloader/core/flash/btl_internal_flash.o
 .debug_line    0x0000000000004542      0x438 ./gecko_sdk_4.4.1/platform/bootloader/driver/btl_driver_delay.o
 .debug_line    0x000000000000497a      0x9ec ./gecko_sdk_4.4.1/platform/bootloader/driver/btl_driver_uart.o
 .debug_line    0x0000000000005366      0x34a ./gecko_sdk_4.4.1/platform/bootloader/driver/btl_driver_util.o
 .debug_line    0x00000000000056b0      0x931 ./gecko_sdk_4.4.1/platform/bootloader/parser/compression/btl_decompress_lz4.o
 .debug_line    0x0000000000005fe1      0x412 ./gecko_sdk_4.4.1/platform/bootloader/parser/gbl/btl_gbl_custom_tags.o
 .debug_line    0x00000000000063f3      0x2c3 ./gecko_sdk_4.4.1/platform/bootloader/parser/gbl/btl_gbl_format.o
 .debug_line    0x00000000000066b6     0x117e ./gecko_sdk_4.4.1/platform/bootloader/parser/gbl/btl_gbl_parser.o
 .debug_line    0x0000000000007834      0x27a ./gecko_sdk_4.4.1/platform/bootloader/security/btl_crc16.o
 .debug_line    0x0000000000007aae      0x2f5 ./gecko_sdk_4.4.1/platform/bootloader/security/btl_crc32.o
 .debug_line    0x0000000000007da3      0x484 ./gecko_sdk_4.4.1/platform/bootloader/security/btl_security_aes.o
 .debug_line    0x0000000000008227      0x42d ./gecko_sdk_4.4.1/platform/bootloader/security/btl_security_ecdsa.o
 .debug_line    0x0000000000008654      0x33f ./gecko_sdk_4.4.1/platform/bootloader/security/btl_security_sha256.o
 .debug_line    0x0000000000008993      0x1bc ./gecko_sdk_4.4.1/platform/bootloader/security/btl_security_tokens.o
 .debug_line    0x0000000000008b4f      0xbaa ./gecko_sdk_4.4.1/platform/bootloader/security/ecc/ecc.o
 .debug_line    0x00000000000096f9      0x59b ./gecko_sdk_4.4.1/platform/bootloader/security/sha/btl_sha256.o
 .debug_line    0x0000000000009c94      0x71b ./gecko_sdk_4.4.1/platform/bootloader/security/sha/crypto_sha.o
 .debug_line    0x000000000000a3af      0x302 ./gecko_sdk_4.4.1/platform/common/toolchain/src/sl_memory.o
 .debug_line    0x000000000000a6b1     0x21d0 ./gecko_sdk_4.4.1/platform/emlib/src/em_cmu.o
 .debug_line    0x000000000000c881      0x8ab ./gecko_sdk_4.4.1/platform/emlib/src/em_core.o
 .debug_line    0x000000000000d12c     0x1727 ./gecko_sdk_4.4.1/platform/emlib/src/em_crypto.o
 .debug_line    0x000000000000e853      0x68d ./gecko_sdk_4.4.1/platform/emlib/src/em_gpio.o
 .debug_line    0x000000000000eee0      0x8ec ./gecko_sdk_4.4.1/platform/emlib/src/em_msc.o
 .debug_line    0x000000000000f7cc      0x5c9 ./gecko_sdk_4.4.1/platform/emlib/src/em_timer.o
 .debug_line    0x000000000000fd95      0x995 ./gecko_sdk_4.4.1/platform/security/sl_component/sl_mbedtls_support/src/crypto_aes.o
 .debug_line    0x000000000001072a      0x3fc ./gecko_sdk_4.4.1/platform/security/sl_component/sl_psa_driver/src/crypto_management.o

.debug_str      0x0000000000000000     0x710e
 .debug_str     0x0000000000000000      0x69f ./gecko_sdk_4.4.1/platform/Device/SiliconLabs/EFR32ZG14P/Source/startup_efr32zg14p.o
                                        0x7d9 (size before relaxing)
 .debug_str     0x000000000000069f      0x48a ./gecko_sdk_4.4.1/platform/Device/SiliconLabs/EFR32ZG14P/Source/system_efr32zg14p.o
                                        0x6b7 (size before relaxing)
 .debug_str     0x0000000000000b29      0x160 ./gecko_sdk_4.4.1/platform/bootloader/app_version/btl_parser_app_version_check.o
                                        0x7e3 (size before relaxing)
 .debug_str     0x0000000000000c89       0xe7 ./gecko_sdk_4.4.1/platform/bootloader/communication/xmodem-parser/btl_xmodem.o
                                        0x2db (size before relaxing)
 .debug_str     0x0000000000000d70      0x19f ./gecko_sdk_4.4.1/platform/bootloader/communication/xmodem-uart/btl_comm_xmodem.o
                                        0x47d (size before relaxing)
 .debug_str     0x0000000000000f0f      0x692 ./gecko_sdk_4.4.1/platform/bootloader/communication/xmodem-uart/btl_comm_xmodem_common.o
                                        0xb19 (size before relaxing)
 .debug_str     0x00000000000015a1      0x411 ./gecko_sdk_4.4.1/platform/bootloader/core/btl_bootload.o
                                        0xc46 (size before relaxing)
 .debug_str     0x00000000000019b2       0x52 ./gecko_sdk_4.4.1/platform/bootloader/core/btl_core.o
                                        0x20c (size before relaxing)
 .debug_str     0x0000000000001a04      0x371 ./gecko_sdk_4.4.1/platform/bootloader/core/btl_main.o
                                       0x10d5 (size before relaxing)
 .debug_str     0x0000000000001d75       0x5f ./gecko_sdk_4.4.1/platform/bootloader/core/btl_parse.o
                                        0x8a9 (size before relaxing)
 .debug_str     0x0000000000001dd4      0x13a ./gecko_sdk_4.4.1/platform/bootloader/core/btl_reset.o
                                        0x3f9 (size before relaxing)
 .debug_str     0x0000000000001f0e      0x327 ./gecko_sdk_4.4.1/platform/bootloader/core/flash/btl_internal_flash.o
                                        0x53a (size before relaxing)
 .debug_str     0x0000000000002235      0x3b8 ./gecko_sdk_4.4.1/platform/bootloader/driver/btl_driver_delay.o
                                        0x8de (size before relaxing)
 .debug_str     0x00000000000025ed      0xf05 ./gecko_sdk_4.4.1/platform/bootloader/driver/btl_driver_uart.o
                                       0x142f (size before relaxing)
 .debug_str     0x00000000000034f2       0x76 ./gecko_sdk_4.4.1/platform/bootloader/driver/btl_driver_util.o
                                        0x64f (size before relaxing)
 .debug_str     0x0000000000003568      0x2dd ./gecko_sdk_4.4.1/platform/bootloader/parser/compression/btl_decompress_lz4.o
                                        0xce9 (size before relaxing)
 .debug_str     0x0000000000003845       0xda ./gecko_sdk_4.4.1/platform/bootloader/parser/gbl/btl_gbl_custom_tags.o
                                        0x6d1 (size before relaxing)
 .debug_str     0x000000000000391f       0xb9 ./gecko_sdk_4.4.1/platform/bootloader/parser/gbl/btl_gbl_format.o
                                        0x46b (size before relaxing)
 .debug_str     0x00000000000039d8      0x333 ./gecko_sdk_4.4.1/platform/bootloader/parser/gbl/btl_gbl_parser.o
                                        0xffb (size before relaxing)
 .debug_str     0x0000000000003d0b       0x59 ./gecko_sdk_4.4.1/platform/bootloader/security/btl_crc16.o
                                        0x24a (size before relaxing)
 .debug_str     0x0000000000003d64       0x8f ./gecko_sdk_4.4.1/platform/bootloader/security/btl_crc32.o
                                        0x599 (size before relaxing)
 .debug_str     0x0000000000003df3      0x12e ./gecko_sdk_4.4.1/platform/bootloader/security/btl_security_aes.o
                                        0x3bc (size before relaxing)
 .debug_str     0x0000000000003f21      0x1f0 ./gecko_sdk_4.4.1/platform/bootloader/security/btl_security_ecdsa.o
                                        0x6cd (size before relaxing)
 .debug_str     0x0000000000004111       0xc6 ./gecko_sdk_4.4.1/platform/bootloader/security/btl_security_sha256.o
                                        0x33d (size before relaxing)